Archive member included to satisfy reference by file (symbol)

/opt/riscv/lib/gcc/riscv32-unknown-elf/13.2.0/../../../../riscv32-unknown-elf/lib/libc.a(libc_a-printf.o)
                              build/firmware.o (printf)
/opt/riscv/lib/gcc/riscv32-unknown-elf/13.2.0/../../../../riscv32-unknown-elf/lib/libc.a(libc_a-impure.o)
                              /opt/riscv/lib/gcc/riscv32-unknown-elf/13.2.0/../../../../riscv32-unknown-elf/lib/libc.a(libc_a-printf.o) (_impure_ptr)
/opt/riscv/lib/gcc/riscv32-unknown-elf/13.2.0/../../../../riscv32-unknown-elf/lib/libc.a(libc_a-findfp.o)
                              /opt/riscv/lib/gcc/riscv32-unknown-elf/13.2.0/../../../../riscv32-unknown-elf/lib/libc.a(libc_a-impure.o) (__sf)
/opt/riscv/lib/gcc/riscv32-unknown-elf/13.2.0/../../../../riscv32-unknown-elf/lib/libc.a(libc_a-stdio.o)
                              /opt/riscv/lib/gcc/riscv32-unknown-elf/13.2.0/../../../../riscv32-unknown-elf/lib/libc.a(libc_a-findfp.o) (__sread)
/opt/riscv/lib/gcc/riscv32-unknown-elf/13.2.0/../../../../riscv32-unknown-elf/lib/libc.a(libc_a-fwalk.o)
                              /opt/riscv/lib/gcc/riscv32-unknown-elf/13.2.0/../../../../riscv32-unknown-elf/lib/libc.a(libc_a-findfp.o) (_fwalk_sglue)
/opt/riscv/lib/gcc/riscv32-unknown-elf/13.2.0/../../../../riscv32-unknown-elf/lib/libc.a(libc_a-writer.o)
                              /opt/riscv/lib/gcc/riscv32-unknown-elf/13.2.0/../../../../riscv32-unknown-elf/lib/libc.a(libc_a-stdio.o) (_write_r)
/opt/riscv/lib/gcc/riscv32-unknown-elf/13.2.0/../../../../riscv32-unknown-elf/lib/libc.a(libc_a-vfprintf.o)
                              /opt/riscv/lib/gcc/riscv32-unknown-elf/13.2.0/../../../../riscv32-unknown-elf/lib/libc.a(libc_a-printf.o) (_vfprintf_r)
/opt/riscv/lib/gcc/riscv32-unknown-elf/13.2.0/../../../../riscv32-unknown-elf/lib/libc.a(libc_a-vfiprintf.o)
                              /opt/riscv/lib/gcc/riscv32-unknown-elf/13.2.0/../../../../riscv32-unknown-elf/lib/libc.a(libc_a-vfprintf.o) (__sprint_r)
/opt/riscv/lib/gcc/riscv32-unknown-elf/13.2.0/../../../../riscv32-unknown-elf/lib/libc.a(libc_a-mallocr.o)
                              /opt/riscv/lib/gcc/riscv32-unknown-elf/13.2.0/../../../../riscv32-unknown-elf/lib/libc.a(libc_a-findfp.o) (_malloc_r)
/opt/riscv/lib/gcc/riscv32-unknown-elf/13.2.0/../../../../riscv32-unknown-elf/lib/libc.a(libc_a-memchr.o)
                              /opt/riscv/lib/gcc/riscv32-unknown-elf/13.2.0/../../../../riscv32-unknown-elf/lib/libc.a(libc_a-vfprintf.o) (memchr)
/opt/riscv/lib/gcc/riscv32-unknown-elf/13.2.0/../../../../riscv32-unknown-elf/lib/libc.a(libc_a-localeconv.o)
                              /opt/riscv/lib/gcc/riscv32-unknown-elf/13.2.0/../../../../riscv32-unknown-elf/lib/libc.a(libc_a-vfprintf.o) (_localeconv_r)
/opt/riscv/lib/gcc/riscv32-unknown-elf/13.2.0/../../../../riscv32-unknown-elf/lib/libc.a(libc_a-fclose.o)
                              /opt/riscv/lib/gcc/riscv32-unknown-elf/13.2.0/../../../../riscv32-unknown-elf/lib/libc.a(libc_a-findfp.o) (_fclose_r)
/opt/riscv/lib/gcc/riscv32-unknown-elf/13.2.0/../../../../riscv32-unknown-elf/lib/libc.a(libc_a-memset.o)
                              /opt/riscv/lib/gcc/riscv32-unknown-elf/13.2.0/../../../../riscv32-unknown-elf/lib/libc.a(libc_a-findfp.o) (memset)
/opt/riscv/lib/gcc/riscv32-unknown-elf/13.2.0/../../../../riscv32-unknown-elf/lib/libc.a(libc_a-wsetup.o)
                              /opt/riscv/lib/gcc/riscv32-unknown-elf/13.2.0/../../../../riscv32-unknown-elf/lib/libc.a(libc_a-vfprintf.o) (__swsetup_r)
/opt/riscv/lib/gcc/riscv32-unknown-elf/13.2.0/../../../../riscv32-unknown-elf/lib/libc.a(libc_a-makebuf.o)
                              /opt/riscv/lib/gcc/riscv32-unknown-elf/13.2.0/../../../../riscv32-unknown-elf/lib/libc.a(libc_a-wsetup.o) (__smakebuf_r)
/opt/riscv/lib/gcc/riscv32-unknown-elf/13.2.0/../../../../riscv32-unknown-elf/lib/libc.a(libc_a-strlen.o)
                              /opt/riscv/lib/gcc/riscv32-unknown-elf/13.2.0/../../../../riscv32-unknown-elf/lib/libc.a(libc_a-vfprintf.o) (strlen)
/opt/riscv/lib/gcc/riscv32-unknown-elf/13.2.0/../../../../riscv32-unknown-elf/lib/libc.a(libc_a-mlock.o)
                              /opt/riscv/lib/gcc/riscv32-unknown-elf/13.2.0/../../../../riscv32-unknown-elf/lib/libc.a(libc_a-mallocr.o) (__malloc_lock)
/opt/riscv/lib/gcc/riscv32-unknown-elf/13.2.0/../../../../riscv32-unknown-elf/lib/libc.a(libc_a-closer.o)
                              /opt/riscv/lib/gcc/riscv32-unknown-elf/13.2.0/../../../../riscv32-unknown-elf/lib/libc.a(libc_a-stdio.o) (_close_r)
/opt/riscv/lib/gcc/riscv32-unknown-elf/13.2.0/../../../../riscv32-unknown-elf/lib/libc.a(libc_a-reent.o)
                              /opt/riscv/lib/gcc/riscv32-unknown-elf/13.2.0/../../../../riscv32-unknown-elf/lib/libc.a(libc_a-writer.o) (errno)
/opt/riscv/lib/gcc/riscv32-unknown-elf/13.2.0/../../../../riscv32-unknown-elf/lib/libc.a(libc_a-fflush.o)
[...]
Memory Configuration

Name             Origin             Length             Attributes
ROM              0x00000000         0x00002000         xr
RAM              0x00002000         0x00002000         xrw
*default*        0x00000000         0xffffffff

Linker script and memory map


.text           0x00000000     0xa74e
                0x00000000                        . = 0x0
 *(.init)
 .init          0x00000000      0x240 build/start.o
                0x00000000                start
                0x000001d8                sw_mult
                0x00000228                load_test
 *(.text*)
 .text          0x00000240      0x110 build/print.o
                0x00000240                print_chr
                0x0000024c                print_word
                0x00000258                print_str
                0x00000274                print_hex
                0x000002b0                getDigit
                0x000002d0                print_dec
 .text          0x00000350       0x28 build/sensor.o
                0x00000350                SENSOR_fetch
 .text          0x00000378       0xcc build/tcnt.o
                0x00000378                TCNT_start
                0x0000038c                TCNT_stop
                0x000003a0                TCNT_start_div8
                0x000003c8                TCNT_start_div16
                0x000003f0                TCNT_set_mode
                0x00000430                TCNT_clear_ir
 .text          0x00000444       0x58 build/firmware.o
                0x00000444                irq_handler
                0x00000448                store_byte
 .text.startup  0x0000049c      0x568 build/firmware.o
                0x0000049c                main
 .text          0x00000a04        0x0 build/start.o
 .text          0x00000a04        0x0 /opt/riscv/lib/gcc/riscv32-unknown-elf/13.2.0/../../../../riscv32-unknown-elf/lib/libc.a(libc_a-printf.o)
 .text._printf_r
                0x00000a04       0x20 /opt/riscv/lib/gcc/riscv32-unknown-elf/13.2.0/../../../../riscv32-unknown-elf/lib/libc.a(libc_a-printf.o)
                0x00000a04                _printf_r
 .text.printf   0x00000a24       0x2c /opt/riscv/lib/gcc/riscv32-unknown-elf/13.2.0/../../../../riscv32-unknown-elf/lib/libc.a(libc_a-printf.o)
                0x00000a24                printf
 .text          0x00000a50        0x0 /opt/riscv/lib/gcc/riscv32-unknown-elf/13.2.0/../../../../riscv32-unknown-elf/lib/libc.a(libc_a-impure.o)
 .text          0x00000a50        0x0 /opt/riscv/lib/gcc/riscv32-unknown-elf/13.2.0/../../../../riscv32-unknown-elf/lib/libc.a(libc_a-findfp.o)
 .text.__fp_lock
                0x00000a50        0x4 /opt/riscv/lib/gcc/riscv32-unknown-elf/13.2.0/../../../../riscv32-unknown-elf/lib/libc.a(libc_a-findfp.o)
 .text.stdio_exit_handler
                0x00000a54       0x14 /opt/riscv/lib/gcc/riscv32-unknown-elf/13.2.0/../../../../riscv32-unknown-elf/lib/libc.a(libc_a-findfp.o)
 .text.cleanup_stdio
                0x00000a68       0x4a /opt/riscv/lib/gcc/riscv32-unknown-elf/13.2.0/../../../../riscv32-unknown-elf/lib/libc.a(libc_a-findfp.o)
 .text.__fp_unlock
                0x00000ab2        0x4 /opt/riscv/lib/gcc/riscv32-unknown-elf/13.2.0/../../../../riscv32-unknown-elf/lib/libc.a(libc_a-findfp.o)
 .text.global_stdio_init.part.0
                0x00000ab6      0x11e /opt/riscv/lib/gcc/riscv32-unknown-elf/13.2.0/../../../../riscv32-unknown-elf/lib/libc.a(libc_a-findfp.o)
 .text.__sfp    0x00000bd4       0xd2 /opt/riscv/lib/gcc/riscv32-unknown-elf/13.2.0/../../../../riscv32-unknown-elf/lib/libc.a(libc_a-findfp.o)
                0x00000bd4                __sfp
 .text.__sinit  0x00000ca6       0x18 /opt/riscv/lib/gcc/riscv32-unknown-elf/13.2.0/../../../../riscv32-unknown-elf/lib/libc.a(libc_a-findfp.o)
                0x00000ca6                __sinit
 .text.__sfp_lock_acquire
                0x00000cbe        0x2 /opt/riscv/lib/gcc/riscv32-unknown-elf/13.2.0/../../../../riscv32-unknown-elf/lib/libc.a(libc_a-findfp.o)
                0x00000cbe                __sfp_lock_acquire
 .text.__sfp_lock_release
                0x00000cc0        0x2 /opt/riscv/lib/gcc/riscv32-unknown-elf/13.2.0/../../../../riscv32-unknown-elf/lib/libc.a(libc_a-findfp.o)
                0x00000cc0                __sfp_lock_release
 .text.__fp_lock_all
                0x00000cc2       0x10 /opt/riscv/lib/gcc/riscv32-unknown-elf/13.2.0/../../../../riscv32-unknown-elf/lib/libc.a(libc_a-findfp.o)
                0x00000cc2                __fp_lock_all
 .text.__fp_unlock_all
                0x00000cd2       0x10 /opt/riscv/lib/gcc/riscv32-unknown-elf/13.2.0/../../../../riscv32-unknown-elf/lib/libc.a(libc_a-findfp.o)
                0x00000cd2                __fp_unlock_all
 .text          0x00000ce2        0x0 /opt/riscv/lib/gcc/riscv32-unknown-elf/13.2.0/../../../../riscv32-unknown-elf/lib/libc.a(libc_a-stdio.o)
 .text.__sread  0x00000ce2       0x38 /opt/riscv/lib/gcc/riscv32-unknown-elf/13.2.0/../../../../riscv32-unknown-elf/lib/libc.a(libc_a-stdio.o)
                0x00000ce2                __sread
 .text.__seofread
                0x00000d1a        0x4 /opt/riscv/lib/gcc/riscv32-unknown-elf/13.2.0/../../../../riscv32-unknown-elf/lib/libc.a(libc_a-stdio.o)
                0x00000d1a                __seofread
 .text.__swrite
                0x00000d1e       0x52 /opt/riscv/lib/gcc/riscv32-unknown-elf/13.2.0/../../../../riscv32-unknown-elf/lib/libc.a(libc_a-stdio.o)
                0x00000d1e                __swrite
 .text.__sseek  0x00000d70       0x4a /opt/riscv/lib/gcc/riscv32-unknown-elf/13.2.0/../../../../riscv32-unknown-elf/lib/libc.a(libc_a-stdio.o)
                0x00000d70                __sseek
 .text.__sclose
                0x00000dba        0x8 /opt/riscv/lib/gcc/riscv32-unknown-elf/13.2.0/../../../../riscv32-unknown-elf/lib/libc.a(libc_a-stdio.o)
                0x00000dba                __sclose
 .text          0x00000dc2        0x0 /opt/riscv/lib/gcc/riscv32-unknown-elf/13.2.0/../../../../riscv32-unknown-elf/lib/libc.a(libc_a-fwalk.o)
 .text._fwalk_sglue
                0x00000dc2       0x72 /opt/riscv/lib/gcc/riscv32-unknown-elf/13.2.0/../../../../riscv32-unknown-elf/lib/libc.a(libc_a-fwalk.o)
                0x00000dc2                _fwalk_sglue
 .text          0x00000e34        0x0 /opt/riscv/lib/gcc/riscv32-unknown-elf/13.2.0/../../../../riscv32-unknown-elf/lib/libc.a(libc_a-writer.o)
 .text._write_r
                0x00000e34       0x3e /opt/riscv/lib/gcc/riscv32-unknown-elf/13.2.0/../../../../riscv32-unknown-elf/lib/libc.a(libc_a-writer.o)
                0x00000e34                _write_r
 .text          0x00000e72        0x0 /opt/riscv/lib/gcc/riscv32-unknown-elf/13.2.0/../../../../riscv32-unknown-elf/lib/libc.a(libc_a-vfprintf.o)
 .text._vfprintf_r
                0x00000e72     0x1b9e /opt/riscv/lib/gcc/riscv32-unknown-elf/13.2.0/../../../../riscv32-unknown-elf/lib/libc.a(libc_a-vfprintf.o)
                0x00000e72                _vfprintf_r
 .text.vfprintf
                0x00002a10       0x12 /opt/riscv/lib/gcc/riscv32-unknown-elf/13.2.0/../../../../riscv32-unknown-elf/lib/libc.a(libc_a-vfprintf.o)
                0x00002a10                vfprintf
 .text.__sbprintf
                0x00002a22       0x96 /opt/riscv/lib/gcc/riscv32-unknown-elf/13.2.0/../../../../riscv32-unknown-elf/lib/libc.a(libc_a-vfprintf.o)
 .text          0x00002ab8        0x0 /opt/riscv/lib/gcc/riscv32-unknown-elf/13.2.0/../../../../riscv32-unknown-elf/lib/libc.a(libc_a-vfiprintf.o)
 .text.__sprint_r.part.0
                0x00002ab8       0xb8 /opt/riscv/lib/gcc/riscv32-unknown-elf/13.2.0/../../../../riscv32-unknown-elf/lib/libc.a(libc_a-vfiprintf.o)
 .text.__sprint_r
                0x00002b70        0xe /opt/riscv/lib/gcc/riscv32-unknown-elf/13.2.0/../../../../riscv32-unknown-elf/lib/libc.a(libc_a-vfiprintf.o)
                0x00002b70                __sprint_r
 .text._vfiprintf_r
                0x00002b7e      0xd96 /opt/riscv/lib/gcc/riscv32-unknown-elf/13.2.0/../../../../riscv32-unknown-elf/lib/libc.a(libc_a-vfiprintf.o)
                0x00002b7e                _vfiprintf_r
 .text.vfiprintf
                0x00003914       0x12 /opt/riscv/lib/gcc/riscv32-unknown-elf/13.2.0/../../../../riscv32-unknown-elf/lib/libc.a(libc_a-vfiprintf.o)
                0x00003914                vfiprintf
 .text.__sbprintf
                0x00003926       0x96 /opt/riscv/lib/gcc/riscv32-unknown-elf/13.2.0/../../../../riscv32-unknown-elf/lib/libc.a(libc_a-vfiprintf.o)
 .text          0x000039bc        0x0 /opt/riscv/lib/gcc/riscv32-unknown-elf/13.2.0/../../../../riscv32-unknown-elf/lib/libc.a(libc_a-mallocr.o)
 .text._malloc_r
                0x000039bc      0x5ba /opt/riscv/lib/gcc/riscv32-unknown-elf/13.2.0/../../../../riscv32-unknown-elf/lib/libc.a(libc_a-mallocr.o)
                0x000039bc                _malloc_r
 .text          0x00003f76        0x0 /opt/riscv/lib/gcc/riscv32-unknown-elf/13.2.0/../../../../riscv32-unknown-elf/lib/libc.a(libc_a-memchr.o)
 .text.memchr   0x00003f76       0x8e /opt/riscv/lib/gcc/riscv32-unknown-elf/13.2.0/../../../../riscv32-unknown-elf/lib/libc.a(libc_a-memchr.o)
                0x00003f76                memchr
 .text          0x00004004        0x0 /opt/riscv/lib/gcc/riscv32-unknown-elf/13.2.0/../../../../riscv32-unknown-elf/lib/libc.a(libc_a-localeconv.o)
 .text.__localeconv_l
                0x00004004        0x6 /opt/riscv/lib/gcc/riscv32-unknown-elf/13.2.0/../../../../riscv32-unknown-elf/lib/libc.a(libc_a-localeconv.o)
                0x00004004                __localeconv_l
 .text._localeconv_r
                0x0000400a        0x8 /opt/riscv/lib/gcc/riscv32-unknown-elf/13.2.0/../../../../riscv32-unknown-elf/lib/libc.a(libc_a-localeconv.o)
                0x0000400a                _localeconv_r
 .text.localeconv
                0x00004012        0x8 /opt/riscv/lib/gcc/riscv32-unknown-elf/13.2.0/../../../../riscv32-unknown-elf/lib/libc.a(libc_a-localeconv.o)
                0x00004012                localeconv
 .text          0x0000401a        0x0 /opt/riscv/lib/gcc/riscv32-unknown-elf/13.2.0/../../../../riscv32-unknown-elf/lib/libc.a(libc_a-fclose.o)
 .text._fclose_r
                0x0000401a       0xa6 /opt/riscv/lib/gcc/riscv32-unknown-elf/13.2.0/../../../../riscv32-unknown-elf/lib/libc.a(libc_a-fclose.o)
                0x0000401a                _fclose_r
 .text.fclose   0x000040c0        0xa /opt/riscv/lib/gcc/riscv32-unknown-elf/13.2.0/../../../../riscv32-unknown-elf/lib/libc.a(libc_a-fclose.o)
                0x000040c0                fclose
 .text          0x000040ca       0xa8 /opt/riscv/lib/gcc/riscv32-unknown-elf/13.2.0/../../../../riscv32-unknown-elf/lib/libc.a(libc_a-memset.o)
                0x000040ca                memset
 .text          0x00004172        0x0 /opt/riscv/lib/gcc/riscv32-unknown-elf/13.2.0/../../../../riscv32-unknown-elf/lib/libc.a(libc_a-wsetup.o)
 .text.__swsetup_r
                0x00004172       0xd8 /opt/riscv/lib/gcc/riscv32-unknown-elf/13.2.0/../../../../riscv32-unknown-elf/lib/libc.a(libc_a-wsetup.o)
                0x00004172                __swsetup_r
 .text          0x0000424a        0x0 /opt/riscv/lib/gcc/riscv32-unknown-elf/13.2.0/../../../../riscv32-unknown-elf/lib/libc.a(libc_a-makebuf.o)
 .text.__smakebuf_r
                0x0000424a      0x110 /opt/riscv/lib/gcc/riscv32-unknown-elf/13.2.0/../../../../riscv32-unknown-elf/lib/libc.a(libc_a-makebuf.o)
                0x0000424a                __smakebuf_r
 .text.__swhatbuf_r
                0x0000435a       0x88 /opt/riscv/lib/gcc/riscv32-unknown-elf/13.2.0/../../../../riscv32-unknown-elf/lib/libc.a(libc_a-makebuf.o)
                0x0000435a                __swhatbuf_r
 .text          0x000043e2        0x0 /opt/riscv/lib/gcc/riscv32-unknown-elf/13.2.0/../../../../riscv32-unknown-elf/lib/libc.a(libc_a-strlen.o)
 .text.strlen   0x000043e2       0x64 /opt/riscv/lib/gcc/riscv32-unknown-elf/13.2.0/../../../../riscv32-unknown-elf/lib/libc.a(libc_a-strlen.o)
                0x000043e2                strlen
 .text          0x00004446        0x0 /opt/riscv/lib/gcc/riscv32-unknown-elf/13.2.0/../../../../riscv32-unknown-elf/lib/libc.a(libc_a-mlock.o)
 .text.__malloc_lock
                0x00004446        0x2 /opt/riscv/lib/gcc/riscv32-unknown-elf/13.2.0/../../../../riscv32-unknown-elf/lib/libc.a(libc_a-mlock.o)
                0x00004446                __malloc_lock
 .text.__malloc_unlock
                0x00004448        0x2 /opt/riscv/lib/gcc/riscv32-unknown-elf/13.2.0/../../../../riscv32-unknown-elf/lib/libc.a(libc_a-mlock.o)
                0x00004448                __malloc_unlock
 .text          0x0000444a        0x0 /opt/riscv/lib/gcc/riscv32-unknown-elf/13.2.0/../../../../riscv32-unknown-elf/lib/libc.a(libc_a-closer.o)
 .text._close_r
                0x0000444a       0x38 /opt/riscv/lib/gcc/riscv32-unknown-elf/13.2.0/../../../../riscv32-unknown-elf/lib/libc.a(libc_a-closer.o)
                0x0000444a                _close_r
 .text          0x00004482        0x0 /opt/riscv/lib/gcc/riscv32-unknown-elf/13.2.0/../../../../riscv32-unknown-elf/lib/libc.a(libc_a-reent.o)
 .text._reclaim_reent
                0x00004482       0x6e /opt/riscv/lib/gcc/riscv32-unknown-elf/13.2.0/../../../../riscv32-unknown-elf/lib/libc.a(libc_a-reent.o)
                0x00004482                _reclaim_reent
 .text          0x000044f0        0x0 /opt/riscv/lib/gcc/riscv32-unknown-elf/13.2.0/../../../../riscv32-unknown-elf/lib/libc.a(libc_a-fflush.o)
 .text.__sflush_r
                0x000044f0      0x192 /opt/riscv/lib/gcc/riscv32-unknown-elf/13.2.0/../../../../riscv32-unknown-elf/lib/libc.a(libc_a-fflush.o)
                0x000044f0                __sflush_r
 .text._fflush_r
                0x00004682       0x32 /opt/riscv/lib/gcc/riscv32-unknown-elf/13.2.0/../../../../riscv32-unknown-elf/lib/libc.a(libc_a-fflush.o)
                0x00004682                _fflush_r
 .text.fflush   0x000046b4       0x56 /opt/riscv/lib/gcc/riscv32-unknown-elf/13.2.0/../../../../riscv32-unknown-elf/lib/libc.a(libc_a-fflush.o)
                0x000046b4                fflush
 .text          0x0000470a        0x0 /opt/riscv/lib/gcc/riscv32-unknown-elf/13.2.0/../../../../riscv32-unknown-elf/lib/libc.a(libm_a-frexpl.o)
 .text.frexpl   0x0000470a       0xf0 /opt/riscv/lib/gcc/riscv32-unknown-elf/13.2.0/../../../../riscv32-unknown-elf/lib/libc.a(libm_a-frexpl.o)
                0x0000470a                frexpl
 .text          0x000047fa        0x0 /opt/riscv/lib/gcc/riscv32-unknown-elf/13.2.0/../../../../riscv32-unknown-elf/lib/libc.a(libc_a-freer.o)
 .text._malloc_trim_r
                0x000047fa       0xd2 /opt/riscv/lib/gcc/riscv32-unknown-elf/13.2.0/../../../../riscv32-unknown-elf/lib/libc.a(libc_a-freer.o)
                0x000047fa                _malloc_trim_r
 .text._free_r  0x000048cc      0x22a /opt/riscv/lib/gcc/riscv32-unknown-elf/13.2.0/../../../../riscv32-unknown-elf/lib/libc.a(libc_a-freer.o)
                0x000048cc                _free_r
 .text          0x00004af6        0x0 /opt/riscv/lib/gcc/riscv32-unknown-elf/13.2.0/../../../../riscv32-unknown-elf/lib/libc.a(libc_a-strncpy.o)
 .text.strncpy  0x00004af6       0x7a /opt/riscv/lib/gcc/riscv32-unknown-elf/13.2.0/../../../../riscv32-unknown-elf/lib/libc.a(libc_a-strncpy.o)
                0x00004af6                strncpy
 .text          0x00004b70        0x0 /opt/riscv/lib/gcc/riscv32-unknown-elf/13.2.0/../../../../riscv32-unknown-elf/lib/libc.a(libc_a-fstatr.o)
 .text._fstat_r
                0x00004b70       0x3c /opt/riscv/lib/gcc/riscv32-unknown-elf/13.2.0/../../../../riscv32-unknown-elf/lib/libc.a(libc_a-fstatr.o)
                0x00004b70                _fstat_r
 .text          0x00004bac        0x0 /opt/riscv/lib/gcc/riscv32-unknown-elf/13.2.0/../../../../riscv32-unknown-elf/lib/libc.a(libc_a-isattyr.o)
 .text._isatty_r
                0x00004bac       0x38 /opt/riscv/lib/gcc/riscv32-unknown-elf/13.2.0/../../../../riscv32-unknown-elf/lib/libc.a(libc_a-isattyr.o)
                0x00004bac                _isatty_r
 .text          0x00004be4        0x0 /opt/riscv/lib/gcc/riscv32-unknown-elf/13.2.0/../../../../riscv32-unknown-elf/lib/libc.a(libc_a-lseekr.o)
 .text._lseek_r
                0x00004be4       0x3e /opt/riscv/lib/gcc/riscv32-unknown-elf/13.2.0/../../../../riscv32-unknown-elf/lib/libc.a(libc_a-lseekr.o)
                0x00004be4                _lseek_r
 .text          0x00004c22        0x0 /opt/riscv/lib/gcc/riscv32-unknown-elf/13.2.0/../../../../riscv32-unknown-elf/lib/libc.a(libc_a-readr.o)
 .text._read_r  0x00004c22       0x3e /opt/riscv/lib/gcc/riscv32-unknown-elf/13.2.0/../../../../riscv32-unknown-elf/lib/libc.a(libc_a-readr.o)
                0x00004c22                _read_r
 .text          0x00004c60        0x0 /opt/riscv/lib/gcc/riscv32-unknown-elf/13.2.0/../../../../riscv32-unknown-elf/lib/libc.a(libc_a-fputwc.o)
 .text.__fputwc
                0x00004c60       0xa2 /opt/riscv/lib/gcc/riscv32-unknown-elf/13.2.0/../../../../riscv32-unknown-elf/lib/libc.a(libc_a-fputwc.o)
                0x00004c60                __fputwc
 .text._fputwc_r
                0x00004d02       0x1e /opt/riscv/lib/gcc/riscv32-unknown-elf/13.2.0/../../../../riscv32-unknown-elf/lib/libc.a(libc_a-fputwc.o)
                0x00004d02                _fputwc_r
 .text.fputwc   0x00004d20       0x4c /opt/riscv/lib/gcc/riscv32-unknown-elf/13.2.0/../../../../riscv32-unknown-elf/lib/libc.a(libc_a-fputwc.o)
                0x00004d20                fputwc
 .text          0x00004d6c        0x0 /opt/riscv/lib/gcc/riscv32-unknown-elf/13.2.0/../../../../riscv32-unknown-elf/lib/libc.a(libc_a-gdtoa-ldtoa.o)
 .text._ldtoa_r
                0x00004d6c      0x1b0 /opt/riscv/lib/gcc/riscv32-unknown-elf/13.2.0/../../../../riscv32-unknown-elf/lib/libc.a(libc_a-gdtoa-ldtoa.o)
                0x00004d6c                _ldtoa_r
 .text._ldcheck
                0x00004f1c       0x96 /opt/riscv/lib/gcc/riscv32-unknown-elf/13.2.0/../../../../riscv32-unknown-elf/lib/libc.a(libc_a-gdtoa-ldtoa.o)
                0x00004f1c                _ldcheck
 .text          0x00004fb2        0x0 /opt/riscv/lib/gcc/riscv32-unknown-elf/13.2.0/../../../../riscv32-unknown-elf/lib/libc.a(libc_a-gdtoa-gdtoa.o)
 .text.__gdtoa  0x00004fb2      0xfdc /opt/riscv/lib/gcc/riscv32-unknown-elf/13.2.0/../../../../riscv32-unknown-elf/lib/libc.a(libc_a-gdtoa-gdtoa.o)
                0x00004fb2                __gdtoa
 .text          0x00005f8e        0x0 /opt/riscv/lib/gcc/riscv32-unknown-elf/13.2.0/../../../../riscv32-unknown-elf/lib/libc.a(libc_a-gdtoa-dmisc.o)
 .text.__rv_alloc_D2A
                0x00005f8e       0x30 /opt/riscv/lib/gcc/riscv32-unknown-elf/13.2.0/../../../../riscv32-unknown-elf/lib/libc.a(libc_a-gdtoa-dmisc.o)
                0x00005f8e                __rv_alloc_D2A
 .text.__nrv_alloc_D2A
                0x00005fbe       0x6c /opt/riscv/lib/gcc/riscv32-unknown-elf/13.2.0/../../../../riscv32-unknown-elf/lib/libc.a(libc_a-gdtoa-dmisc.o)
                0x00005fbe                __nrv_alloc_D2A
 .text.__freedtoa
                0x0000602a       0x16 /opt/riscv/lib/gcc/riscv32-unknown-elf/13.2.0/../../../../riscv32-unknown-elf/lib/libc.a(libc_a-gdtoa-dmisc.o)
                0x0000602a                __freedtoa
 .text.__quorem_D2A
                0x00006040      0x156 /opt/riscv/lib/gcc/riscv32-unknown-elf/13.2.0/../../../../riscv32-unknown-elf/lib/libc.a(libc_a-gdtoa-dmisc.o)
                0x00006040                __quorem_D2A
 .text          0x00006196        0x0 /opt/riscv/lib/gcc/riscv32-unknown-elf/13.2.0/../../../../riscv32-unknown-elf/lib/libc.a(libc_a-gdtoa-gmisc.o)
 .text.__rshift_D2A
                0x00006196       0xa4 /opt/riscv/lib/gcc/riscv32-unknown-elf/13.2.0/../../../../riscv32-unknown-elf/lib/libc.a(libc_a-gdtoa-gmisc.o)
                0x00006196                __rshift_D2A
 .text.__trailz_D2A
                0x0000623a       0x3c /opt/riscv/lib/gcc/riscv32-unknown-elf/13.2.0/../../../../riscv32-unknown-elf/lib/libc.a(libc_a-gdtoa-gmisc.o)
                0x0000623a                __trailz_D2A
 .text          0x00006276        0x0 /opt/riscv/lib/gcc/riscv32-unknown-elf/13.2.0/../../../../riscv32-unknown-elf/lib/libc.a(libc_a-sbrkr.o)
 .text._sbrk_r  0x00006276       0x38 /opt/riscv/lib/gcc/riscv32-unknown-elf/13.2.0/../../../../riscv32-unknown-elf/lib/libc.a(libc_a-sbrkr.o)
                0x00006276                _sbrk_r
 .text          0x000062ae        0x0 /opt/riscv/lib/gcc/riscv32-unknown-elf/13.2.0/../../../../riscv32-unknown-elf/lib/libc.a(libc_a-fvwrite.o)
 .text.__sfvwrite_r
                0x000062ae      0x352 /opt/riscv/lib/gcc/riscv32-unknown-elf/13.2.0/../../../../riscv32-unknown-elf/lib/libc.a(libc_a-fvwrite.o)
                0x000062ae                __sfvwrite_r
 .text          0x00006600        0x0 /opt/riscv/lib/gcc/riscv32-unknown-elf/13.2.0/../../../../riscv32-unknown-elf/lib/libc.a(libc_a-wbuf.o)
 .text.__swbuf_r
                0x00006600      0x102 /opt/riscv/lib/gcc/riscv32-unknown-elf/13.2.0/../../../../riscv32-unknown-elf/lib/libc.a(libc_a-wbuf.o)
                0x00006600                __swbuf_r
 .text.__swbuf  0x00006702        0xe /opt/riscv/lib/gcc/riscv32-unknown-elf/13.2.0/../../../../riscv32-unknown-elf/lib/libc.a(libc_a-wbuf.o)
                0x00006702                __swbuf
 .text          0x00006710        0x0 /opt/riscv/lib/gcc/riscv32-unknown-elf/13.2.0/../../../../riscv32-unknown-elf/lib/libc.a(libc_a-wcrtomb.o)
 .text._wcrtomb_r
                0x00006710       0x46 /opt/riscv/lib/gcc/riscv32-unknown-elf/13.2.0/../../../../riscv32-unknown-elf/lib/libc.a(libc_a-wcrtomb.o)
                0x00006710                _wcrtomb_r
 .text.wcrtomb  0x00006756       0x56 /opt/riscv/lib/gcc/riscv32-unknown-elf/13.2.0/../../../../riscv32-unknown-elf/lib/libc.a(libc_a-wcrtomb.o)
                0x00006756                wcrtomb
 .text          0x000067ac        0x0 /opt/riscv/lib/gcc/riscv32-unknown-elf/13.2.0/../../../../riscv32-unknown-elf/lib/libc.a(libc_a-locale.o)
 .text._setlocale_r
                0x000067ac       0x48 /opt/riscv/lib/gcc/riscv32-unknown-elf/13.2.0/../../../../riscv32-unknown-elf/lib/libc.a(libc_a-locale.o)
                0x000067ac                _setlocale_r
 .text.__locale_mb_cur_max
                0x000067f4        0x8 /opt/riscv/lib/gcc/riscv32-unknown-elf/13.2.0/../../../../riscv32-unknown-elf/lib/libc.a(libc_a-locale.o)
                0x000067f4                __locale_mb_cur_max
 .text.setlocale
                0x000067fc       0x48 /opt/riscv/lib/gcc/riscv32-unknown-elf/13.2.0/../../../../riscv32-unknown-elf/lib/libc.a(libc_a-locale.o)
                0x000067fc                setlocale
 .text          0x00006844        0x0 /opt/riscv/lib/gcc/riscv32-unknown-elf/13.2.0/../../../../riscv32-unknown-elf/lib/libc.a(libc_a-memmove-stub.o)
 .text.memmove  0x00006844       0xcc /opt/riscv/lib/gcc/riscv32-unknown-elf/13.2.0/../../../../riscv32-unknown-elf/lib/libc.a(libc_a-memmove-stub.o)
                0x00006844                memmove
 .text          0x00006910        0x0 /opt/riscv/lib/gcc/riscv32-unknown-elf/13.2.0/../../../../riscv32-unknown-elf/lib/libc.a(libc_a-memcpy.o)
 .text.memcpy   0x00006910      0x146 /opt/riscv/lib/gcc/riscv32-unknown-elf/13.2.0/../../../../riscv32-unknown-elf/lib/libc.a(libc_a-memcpy.o)
                0x00006910                memcpy
 .text          0x00006a56      0x11e /opt/riscv/lib/gcc/riscv32-unknown-elf/13.2.0/../../../../riscv32-unknown-elf/lib/libc.a(libc_a-strcmp.o)
                0x00006a56                strcmp
 .text          0x00006b74        0x0 /opt/riscv/lib/gcc/riscv32-unknown-elf/13.2.0/../../../../riscv32-unknown-elf/lib/libc.a(libc_a-mprec.o)
 .text._Balloc  0x00006b74       0x6c /opt/riscv/lib/gcc/riscv32-unknown-elf/13.2.0/../../../../riscv32-unknown-elf/lib/libc.a(libc_a-mprec.o)
                0x00006b74                _Balloc
 .text._Bfree   0x00006be0       0x12 /opt/riscv/lib/gcc/riscv32-unknown-elf/13.2.0/../../../../riscv32-unknown-elf/lib/libc.a(libc_a-mprec.o)
                0x00006be0                _Bfree
 .text.__multadd
                0x00006bf2       0xe4 /opt/riscv/lib/gcc/riscv32-unknown-elf/13.2.0/../../../../riscv32-unknown-elf/lib/libc.a(libc_a-mprec.o)
                0x00006bf2                __multadd
 .text.__s2b    0x00006cd6       0xc6 /opt/riscv/lib/gcc/riscv32-unknown-elf/13.2.0/../../../../riscv32-unknown-elf/lib/libc.a(libc_a-mprec.o)
                0x00006cd6                __s2b
 .text.__hi0bits
                0x00006d9c       0x54 /opt/riscv/lib/gcc/riscv32-unknown-elf/13.2.0/../../../../riscv32-unknown-elf/lib/libc.a(libc_a-mprec.o)
                0x00006d9c                __hi0bits
 .text.__lo0bits
                0x00006df0       0x8a /opt/riscv/lib/gcc/riscv32-unknown-elf/13.2.0/../../../../riscv32-unknown-elf/lib/libc.a(libc_a-mprec.o)
                0x00006df0                __lo0bits
 .text.__i2b    0x00006e7a       0x68 /opt/riscv/lib/gcc/riscv32-unknown-elf/13.2.0/../../../../riscv32-unknown-elf/lib/libc.a(libc_a-mprec.o)
                0x00006e7a                __i2b
 .text.__multiply
                0x00006ee2      0x196 /opt/riscv/lib/gcc/riscv32-unknown-elf/13.2.0/../../../../riscv32-unknown-elf/lib/libc.a(libc_a-mprec.o)
                0x00006ee2                __multiply
 .text.__pow5mult
                0x00007078       0xd4 /opt/riscv/lib/gcc/riscv32-unknown-elf/13.2.0/../../../../riscv32-unknown-elf/lib/libc.a(libc_a-mprec.o)
                0x00007078                __pow5mult
 .text.__lshift
                0x0000714c      0x10e /opt/riscv/lib/gcc/riscv32-unknown-elf/13.2.0/../../../../riscv32-unknown-elf/lib/libc.a(libc_a-mprec.o)
                0x0000714c                __lshift
 .text.__mcmp   0x0000725a       0x3c /opt/riscv/lib/gcc/riscv32-unknown-elf/13.2.0/../../../../riscv32-unknown-elf/lib/libc.a(libc_a-mprec.o)
                0x0000725a                __mcmp
 .text.__mdiff  0x00007296      0x1b0 /opt/riscv/lib/gcc/riscv32-unknown-elf/13.2.0/../../../../riscv32-unknown-elf/lib/libc.a(libc_a-mprec.o)
                0x00007296                __mdiff
 .text.__ulp    0x00007446       0x48 /opt/riscv/lib/gcc/riscv32-unknown-elf/13.2.0/../../../../riscv32-unknown-elf/lib/libc.a(libc_a-mprec.o)
                0x00007446                __ulp
 .text.__b2d    0x0000748e       0xd4 /opt/riscv/lib/gcc/riscv32-unknown-elf/13.2.0/../../../../riscv32-unknown-elf/lib/libc.a(libc_a-mprec.o)
                0x0000748e                __b2d
 .text.__d2b    0x00007562       0xe6 /opt/riscv/lib/gcc/riscv32-unknown-elf/13.2.0/../../../../riscv32-unknown-elf/lib/libc.a(libc_a-mprec.o)
                0x00007562                __d2b
 .text.__ratio  0x00007648       0x66 /opt/riscv/lib/gcc/riscv32-unknown-elf/13.2.0/../../../../riscv32-unknown-elf/lib/libc.a(libc_a-mprec.o)
                0x00007648                __ratio
 .text._mprec_log10
                0x000076ae       0x3c /opt/riscv/lib/gcc/riscv32-unknown-elf/13.2.0/../../../../riscv32-unknown-elf/lib/libc.a(libc_a-mprec.o)
                0x000076ae                _mprec_log10
 .text.__copybits
                0x000076ea       0x46 /opt/riscv/lib/gcc/riscv32-unknown-elf/13.2.0/../../../../riscv32-unknown-elf/lib/libc.a(libc_a-mprec.o)
                0x000076ea                __copybits
 .text.__any_on
                0x00007730       0x48 /opt/riscv/lib/gcc/riscv32-unknown-elf/13.2.0/../../../../riscv32-unknown-elf/lib/libc.a(libc_a-mprec.o)
                0x00007730                __any_on
 .text          0x00007778        0x0 /opt/riscv/lib/gcc/riscv32-unknown-elf/13.2.0/../../../../riscv32-unknown-elf/lib/libc.a(libc_a-callocr.o)
 .text._calloc_r
                0x00007778       0xa6 /opt/riscv/lib/gcc/riscv32-unknown-elf/13.2.0/../../../../riscv32-unknown-elf/lib/libc.a(libc_a-callocr.o)
                0x00007778                _calloc_r
 .text          0x0000781e        0x0 /opt/riscv/lib/gcc/riscv32-unknown-elf/13.2.0/../../../../riscv32-unknown-elf/lib/libc.a(libc_a-ctype_.o)
 .text          0x0000781e        0x0 /opt/riscv/lib/gcc/riscv32-unknown-elf/13.2.0/../../../../riscv32-unknown-elf/lib/libc.a(libc_a-reallocr.o)
 .text._realloc_r
                0x0000781e      0x3da /opt/riscv/lib/gcc/riscv32-unknown-elf/13.2.0/../../../../riscv32-unknown-elf/lib/libc.a(libc_a-reallocr.o)
                0x0000781e                _realloc_r
 .text          0x00007bf8        0x0 /opt/riscv/lib/gcc/riscv32-unknown-elf/13.2.0/../../../../riscv32-unknown-elf/lib/libc.a(libc_a-wctomb_r.o)
 .text._wctomb_r
                0x00007bf8        0x8 /opt/riscv/lib/gcc/riscv32-unknown-elf/13.2.0/../../../../riscv32-unknown-elf/lib/libc.a(libc_a-wctomb_r.o)
                0x00007bf8                _wctomb_r
 .text.__ascii_wctomb
                0x00007c00       0x20 /opt/riscv/lib/gcc/riscv32-unknown-elf/13.2.0/../../../../riscv32-unknown-elf/lib/libc.a(libc_a-wctomb_r.o)
                0x00007c00                __ascii_wctomb
 .text          0x00007c20        0x0 /opt/riscv/lib/gcc/riscv32-unknown-elf/13.2.0/../../../../riscv32-unknown-elf/lib/libc.a(libc_a-errno.o)
 .text.__errno  0x00007c20        0x8 /opt/riscv/lib/gcc/riscv32-unknown-elf/13.2.0/../../../../riscv32-unknown-elf/lib/libc.a(libc_a-errno.o)
                0x00007c20                __errno
 .text          0x00007c28        0x0 /opt/riscv/lib/gcc/riscv32-unknown-elf/13.2.0/../../../../riscv32-unknown-elf/lib/libc.a(libc_a-mbtowc_r.o)
 .text._mbtowc_r
                0x00007c28        0x8 /opt/riscv/lib/gcc/riscv32-unknown-elf/13.2.0/../../../../riscv32-unknown-elf/lib/libc.a(libc_a-mbtowc_r.o)
                0x00007c28                _mbtowc_r
 .text.__ascii_mbtowc
                0x00007c30       0x40 /opt/riscv/lib/gcc/riscv32-unknown-elf/13.2.0/../../../../riscv32-unknown-elf/lib/libc.a(libc_a-mbtowc_r.o)
                0x00007c30                __ascii_mbtowc
 .text          0x00007c70        0x0 /opt/riscv/lib/gcc/riscv32-unknown-elf/13.2.0/../../../../riscv32-unknown-elf/lib/libc.a(libc_a-assert.o)
 .text.__assert_func
                0x00007c70       0x3a /opt/riscv/lib/gcc/riscv32-unknown-elf/13.2.0/../../../../riscv32-unknown-elf/lib/libc.a(libc_a-assert.o)
                0x00007c70                __assert_func
 .text.__assert
                0x00007caa        0xc /opt/riscv/lib/gcc/riscv32-unknown-elf/13.2.0/../../../../riscv32-unknown-elf/lib/libc.a(libc_a-assert.o)
                0x00007caa                __assert
 .text          0x00007cb6        0x0 /opt/riscv/lib/gcc/riscv32-unknown-elf/13.2.0/../../../../riscv32-unknown-elf/lib/libc.a(libc_a-fiprintf.o)
 .text._fiprintf_r
                0x00007cb6       0x20 /opt/riscv/lib/gcc/riscv32-unknown-elf/13.2.0/../../../../riscv32-unknown-elf/lib/libc.a(libc_a-fiprintf.o)
                0x00007cb6                _fiprintf_r
 .text.fiprintf
                0x00007cd6       0x2e /opt/riscv/lib/gcc/riscv32-unknown-elf/13.2.0/../../../../riscv32-unknown-elf/lib/libc.a(libc_a-fiprintf.o)
                0x00007cd6                fiprintf
 .text          0x00007d04        0x0 /opt/riscv/lib/gcc/riscv32-unknown-elf/13.2.0/../../../../riscv32-unknown-elf/lib/libc.a(libc_a-abort.o)
 .text.abort    0x00007d04        0xc /opt/riscv/lib/gcc/riscv32-unknown-elf/13.2.0/../../../../riscv32-unknown-elf/lib/libc.a(libc_a-abort.o)
                0x00007d04                abort
 .text          0x00007d10        0x0 /opt/riscv/lib/gcc/riscv32-unknown-elf/13.2.0/../../../../riscv32-unknown-elf/lib/libc.a(libc_a-signal.o)
 .text._init_signal_r
                0x00007d10       0x3c /opt/riscv/lib/gcc/riscv32-unknown-elf/13.2.0/../../../../riscv32-unknown-elf/lib/libc.a(libc_a-signal.o)
                0x00007d10                _init_signal_r
 .text._signal_r
                0x00007d4c       0x5e /opt/riscv/lib/gcc/riscv32-unknown-elf/13.2.0/../../../../riscv32-unknown-elf/lib/libc.a(libc_a-signal.o)
                0x00007d4c                _signal_r
 .text._raise_r
                0x00007daa       0x6e /opt/riscv/lib/gcc/riscv32-unknown-elf/13.2.0/../../../../riscv32-unknown-elf/lib/libc.a(libc_a-signal.o)
                0x00007daa                _raise_r
 .text.__sigtramp_r
                0x00007e18       0x88 /opt/riscv/lib/gcc/riscv32-unknown-elf/13.2.0/../../../../riscv32-unknown-elf/lib/libc.a(libc_a-signal.o)
                0x00007e18                __sigtramp_r
 .text.raise    0x00007ea0       0x70 /opt/riscv/lib/gcc/riscv32-unknown-elf/13.2.0/../../../../riscv32-unknown-elf/lib/libc.a(libc_a-signal.o)
                0x00007ea0                raise
 .text.signal   0x00007f10       0x6a /opt/riscv/lib/gcc/riscv32-unknown-elf/13.2.0/../../../../riscv32-unknown-elf/lib/libc.a(libc_a-signal.o)
                0x00007f10                signal
 .text._init_signal
                0x00007f7a       0x40 /opt/riscv/lib/gcc/riscv32-unknown-elf/13.2.0/../../../../riscv32-unknown-elf/lib/libc.a(libc_a-signal.o)
                0x00007f7a                _init_signal
 .text.__sigtramp
                0x00007fba       0x8e /opt/riscv/lib/gcc/riscv32-unknown-elf/13.2.0/../../../../riscv32-unknown-elf/lib/libc.a(libc_a-signal.o)
                0x00007fba                __sigtramp
 .text          0x00008048        0x0 /opt/riscv/lib/gcc/riscv32-unknown-elf/13.2.0/../../../../riscv32-unknown-elf/lib/libc.a(libc_a-signalr.o)
 .text._kill_r  0x00008048       0x3a /opt/riscv/lib/gcc/riscv32-unknown-elf/13.2.0/../../../../riscv32-unknown-elf/lib/libc.a(libc_a-signalr.o)
                0x00008048                _kill_r
 .text._getpid_r
                0x00008082        0x2 /opt/riscv/lib/gcc/riscv32-unknown-elf/13.2.0/../../../../riscv32-unknown-elf/lib/libc.a(libc_a-signalr.o)
                0x00008082                _getpid_r
 .text          0x00008084        0x0 /opt/riscv/lib/gcc/riscv32-unknown-elf/13.2.0/../../../../riscv32-unknown-elf/lib/libgloss.a(riscv_libgloss_a-sys_close.o)
 .text._close   0x00008084       0x2c /opt/riscv/lib/gcc/riscv32-unknown-elf/13.2.0/../../../../riscv32-unknown-elf/lib/libgloss.a(riscv_libgloss_a-sys_close.o)
                0x00008084                _close
 .text          0x000080b0        0x0 /opt/riscv/lib/gcc/riscv32-unknown-elf/13.2.0/../../../../riscv32-unknown-elf/lib/libgloss.a(riscv_libgloss_a-sys_exit.o)
 .text._exit    0x000080b0       0x22 /opt/riscv/lib/gcc/riscv32-unknown-elf/13.2.0/../../../../riscv32-unknown-elf/lib/libgloss.a(riscv_libgloss_a-sys_exit.o)
                0x000080b0                _exit
 .text          0x000080d2        0x0 /opt/riscv/lib/gcc/riscv32-unknown-elf/13.2.0/../../../../riscv32-unknown-elf/lib/libgloss.a(riscv_libgloss_a-sys_fstat.o)
 .text._fstat   0x000080d2       0x3a /opt/riscv/lib/gcc/riscv32-unknown-elf/13.2.0/../../../../riscv32-unknown-elf/lib/libgloss.a(riscv_libgloss_a-sys_fstat.o)
                0x000080d2                _fstat
 .text          0x0000810c        0x0 /opt/riscv/lib/gcc/riscv32-unknown-elf/13.2.0/../../../../riscv32-unknown-elf/lib/libgloss.a(riscv_libgloss_a-sys_getpid.o)
 .text._getpid  0x0000810c        0x4 /opt/riscv/lib/gcc/riscv32-unknown-elf/13.2.0/../../../../riscv32-unknown-elf/lib/libgloss.a(riscv_libgloss_a-sys_getpid.o)
                0x0000810c                _getpid
 .text          0x00008110        0x0 /opt/riscv/lib/gcc/riscv32-unknown-elf/13.2.0/../../../../riscv32-unknown-elf/lib/libgloss.a(riscv_libgloss_a-sys_isatty.o)
 .text._isatty  0x00008110       0x24 /opt/riscv/lib/gcc/riscv32-unknown-elf/13.2.0/../../../../riscv32-unknown-elf/lib/libgloss.a(riscv_libgloss_a-sys_isatty.o)
                0x00008110                _isatty
 .text          0x00008134        0x0 /opt/riscv/lib/gcc/riscv32-unknown-elf/13.2.0/../../../../riscv32-unknown-elf/lib/libgloss.a(riscv_libgloss_a-sys_kill.o)
 .text._kill    0x00008134       0x14 /opt/riscv/lib/gcc/riscv32-unknown-elf/13.2.0/../../../../riscv32-unknown-elf/lib/libgloss.a(riscv_libgloss_a-sys_kill.o)
                0x00008134                _kill
 .text          0x00008148        0x0 /opt/riscv/lib/gcc/riscv32-unknown-elf/13.2.0/../../../../riscv32-unknown-elf/lib/libgloss.a(riscv_libgloss_a-sys_lseek.o)
 .text._lseek   0x00008148       0x2c /opt/riscv/lib/gcc/riscv32-unknown-elf/13.2.0/../../../../riscv32-unknown-elf/lib/libgloss.a(riscv_libgloss_a-sys_lseek.o)
                0x00008148                _lseek
 .text          0x00008174        0x0 /opt/riscv/lib/gcc/riscv32-unknown-elf/13.2.0/../../../../riscv32-unknown-elf/lib/libgloss.a(riscv_libgloss_a-sys_read.o)
 .text._read    0x00008174       0x2c /opt/riscv/lib/gcc/riscv32-unknown-elf/13.2.0/../../../../riscv32-unknown-elf/lib/libgloss.a(riscv_libgloss_a-sys_read.o)
                0x00008174                _read
 .text          0x000081a0        0x0 /opt/riscv/lib/gcc/riscv32-unknown-elf/13.2.0/../../../../riscv32-unknown-elf/lib/libgloss.a(riscv_libgloss_a-sys_sbrk.o)
 .text._sbrk    0x000081a0       0x56 /opt/riscv/lib/gcc/riscv32-unknown-elf/13.2.0/../../../../riscv32-unknown-elf/lib/libgloss.a(riscv_libgloss_a-sys_sbrk.o)
                0x000081a0                _sbrk
 .text          0x000081f6        0x0 /opt/riscv/lib/gcc/riscv32-unknown-elf/13.2.0/../../../../riscv32-unknown-elf/lib/libgloss.a(riscv_libgloss_a-sys_write.o)
 .text._write   0x000081f6       0x2c /opt/riscv/lib/gcc/riscv32-unknown-elf/13.2.0/../../../../riscv32-unknown-elf/lib/libgloss.a(riscv_libgloss_a-sys_write.o)
                0x000081f6                _write
 .text          0x00008222        0x0 /opt/riscv/lib/gcc/riscv32-unknown-elf/13.2.0/../../../../riscv32-unknown-elf/lib/libgloss.a(riscv_libgloss_a-sys_conv_stat.o)
 .text._conv_stat
                0x00008222       0x82 /opt/riscv/lib/gcc/riscv32-unknown-elf/13.2.0/../../../../riscv32-unknown-elf/lib/libgloss.a(riscv_libgloss_a-sys_conv_stat.o)
                0x00008222                _conv_stat
 .text          0x000082a4       0xec /opt/riscv/lib/gcc/riscv32-unknown-elf/13.2.0/libgcc.a(eqtf2.o)
                0x000082a4                __eqtf2
                0x000082a4                __netf2
 .text          0x00008390       0xec /opt/riscv/lib/gcc/riscv32-unknown-elf/13.2.0/libgcc.a(getf2.o)
                0x00008390                __getf2
                0x00008390                __gttf2
 .text          0x0000847c       0xec /opt/riscv/lib/gcc/riscv32-unknown-elf/13.2.0/libgcc.a(letf2.o)
                0x0000847c                __letf2
                0x0000847c                __lttf2
 .text          0x00008568      0xc9c /opt/riscv/lib/gcc/riscv32-unknown-elf/13.2.0/libgcc.a(multf3.o)
                0x00008568                __multf3
 .text          0x00009204     0x10e2 /opt/riscv/lib/gcc/riscv32-unknown-elf/13.2.0/libgcc.a(subtf3.o)
                0x00009204                __subtf3
 .text          0x0000a2e6       0xac /opt/riscv/lib/gcc/riscv32-unknown-elf/13.2.0/libgcc.a(unordtf2.o)
                0x0000a2e6                __unordtf2
 .text          0x0000a392      0x124 /opt/riscv/lib/gcc/riscv32-unknown-elf/13.2.0/libgcc.a(fixtfsi.o)
                0x0000a392                __fixtfsi
 .text          0x0000a4b6       0xd2 /opt/riscv/lib/gcc/riscv32-unknown-elf/13.2.0/libgcc.a(floatsitf.o)
                0x0000a4b6                __floatsitf
 .text          0x0000a588      0x18c /opt/riscv/lib/gcc/riscv32-unknown-elf/13.2.0/libgcc.a(extenddftf2.o)
                0x0000a588                __extenddftf2
 .text          0x0000a714       0x3a /opt/riscv/lib/gcc/riscv32-unknown-elf/13.2.0/libgcc.a(_clzsi2.o)
                0x0000a714                __clzsi2
 .text          0x0000a74e        0x0 /opt/riscv/lib/gcc/riscv32-unknown-elf/13.2.0/libgcc.a(_clz.o)

.data           0x00002000       0x2c
                0x00000000                        . = 0x0
 *(.data)
 .data          0x00002000       0x2c build/print.o
                0x00002000                base_lookup
 .data          0x0000202c        0x0 build/sensor.o
 .data          0x0000202c        0x0 build/tcnt.o
 .data          0x0000202c        0x0 build/firmware.o
 .data          0x0000202c        0x0 build/start.o
 .data          0x0000202c        0x0 /opt/riscv/lib/gcc/riscv32-unknown-elf/13.2.0/../../../../riscv32-unknown-elf/lib/libc.a(libc_a-printf.o)
 .data          0x0000202c        0x0 /opt/riscv/lib/gcc/riscv32-unknown-elf/13.2.0/../../../../riscv32-unknown-elf/lib/libc.a(libc_a-impure.o)
 .data          0x0000202c        0x0 /opt/riscv/lib/gcc/riscv32-unknown-elf/13.2.0/../../../../riscv32-unknown-elf/lib/libc.a(libc_a-findfp.o)
 .data          0x0000202c        0x0 /opt/riscv/lib/gcc/riscv32-unknown-elf/13.2.0/../../../../riscv32-unknown-elf/lib/libc.a(libc_a-stdio.o)
 .data          0x0000202c        0x0 /opt/riscv/lib/gcc/riscv32-unknown-elf/13.2.0/../../../../riscv32-unknown-elf/lib/libc.a(libc_a-fwalk.o)
 .data          0x0000202c        0x0 /opt/riscv/lib/gcc/riscv32-unknown-elf/13.2.0/../../../../riscv32-unknown-elf/lib/libc.a(libc_a-writer.o)
 .data          0x0000202c        0x0 /opt/riscv/lib/gcc/riscv32-unknown-elf/13.2.0/../../../../riscv32-unknown-elf/lib/libc.a(libc_a-vfprintf.o)
 .data          0x0000202c        0x0 /opt/riscv/lib/gcc/riscv32-unknown-elf/13.2.0/../../../../riscv32-unknown-elf/lib/libc.a(libc_a-vfiprintf.o)
 .data          0x0000202c        0x0 /opt/riscv/lib/gcc/riscv32-unknown-elf/13.2.0/../../../../riscv32-unknown-elf/lib/libc.a(libc_a-mallocr.o)
 .data          0x0000202c        0x0 /opt/riscv/lib/gcc/riscv32-unknown-elf/13.2.0/../../../../riscv32-unknown-elf/lib/libc.a(libc_a-memchr.o)
 .data          0x0000202c        0x0 /opt/riscv/lib/gcc/riscv32-unknown-elf/13.2.0/../../../../riscv32-unknown-elf/lib/libc.a(libc_a-localeconv.o)
 .data          0x0000202c        0x0 /opt/riscv/lib/gcc/riscv32-unknown-elf/13.2.0/../../../../riscv32-unknown-elf/lib/libc.a(libc_a-fclose.o)
 .data          0x0000202c        0x0 /opt/riscv/lib/gcc/riscv32-unknown-elf/13.2.0/../../../../riscv32-unknown-elf/lib/libc.a(libc_a-memset.o)
 .data          0x0000202c        0x0 /opt/riscv/lib/gcc/riscv32-unknown-elf/13.2.0/../../../../riscv32-unknown-elf/lib/libc.a(libc_a-wsetup.o)
 .data          0x0000202c        0x0 /opt/riscv/lib/gcc/riscv32-unknown-elf/13.2.0/../../../../riscv32-unknown-elf/lib/libc.a(libc_a-makebuf.o)
 .data          0x0000202c        0x0 /opt/riscv/lib/gcc/riscv32-unknown-elf/13.2.0/../../../../riscv32-unknown-elf/lib/libc.a(libc_a-strlen.o)
 .data          0x0000202c        0x0 /opt/riscv/lib/gcc/riscv32-unknown-elf/13.2.0/../../../../riscv32-unknown-elf/lib/libc.a(libc_a-mlock.o)
 .data          0x0000202c        0x0 /opt/riscv/lib/gcc/riscv32-unknown-elf/13.2.0/../../../../riscv32-unknown-elf/lib/libc.a(libc_a-closer.o)
 .data          0x0000202c        0x0 /opt/riscv/lib/gcc/riscv32-unknown-elf/13.2.0/../../../../riscv32-unknown-elf/lib/libc.a(libc_a-reent.o)
 .data          0x0000202c        0x0 /opt/riscv/lib/gcc/riscv32-unknown-elf/13.2.0/../../../../riscv32-unknown-elf/lib/libc.a(libc_a-fflush.o)
 .data          0x0000202c        0x0 /opt/riscv/lib/gcc/riscv32-unknown-elf/13.2.0/../../../../riscv32-unknown-elf/lib/libc.a(libm_a-frexpl.o)
 .data          0x0000202c        0x0 /opt/riscv/lib/gcc/riscv32-unknown-elf/13.2.0/../../../../riscv32-unknown-elf/lib/libc.a(libc_a-freer.o)
 .data          0x0000202c        0x0 /opt/riscv/lib/gcc/riscv32-unknown-elf/13.2.0/../../../../riscv32-unknown-elf/lib/libc.a(libc_a-strncpy.o)
 .data          0x0000202c        0x0 /opt/riscv/lib/gcc/riscv32-unknown-elf/13.2.0/../../../../riscv32-unknown-elf/lib/libc.a(libc_a-fstatr.o)
 .data          0x0000202c        0x0 /opt/riscv/lib/gcc/riscv32-unknown-elf/13.2.0/../../../../riscv32-unknown-elf/lib/libc.a(libc_a-isattyr.o)
 .data          0x0000202c        0x0 /opt/riscv/lib/gcc/riscv32-unknown-elf/13.2.0/../../../../riscv32-unknown-elf/lib/libc.a(libc_a-lseekr.o)
 .data          0x0000202c        0x0 /opt/riscv/lib/gcc/riscv32-unknown-elf/13.2.0/../../../../riscv32-unknown-elf/lib/libc.a(libc_a-readr.o)
 .data          0x0000202c        0x0 /opt/riscv/lib/gcc/riscv32-unknown-elf/13.2.0/../../../../riscv32-unknown-elf/lib/libc.a(libc_a-fputwc.o)
 .data          0x0000202c        0x0 /opt/riscv/lib/gcc/riscv32-unknown-elf/13.2.0/../../../../riscv32-unknown-elf/lib/libc.a(libc_a-gdtoa-ldtoa.o)
 .data          0x0000202c        0x0 /opt/riscv/lib/gcc/riscv32-unknown-elf/13.2.0/../../../../riscv32-unknown-elf/lib/libc.a(libc_a-gdtoa-gdtoa.o)
 .data          0x0000202c        0x0 /opt/riscv/lib/gcc/riscv32-unknown-elf/13.2.0/../../../../riscv32-unknown-elf/lib/libc.a(libc_a-gdtoa-dmisc.o)
 .data          0x0000202c        0x0 /opt/riscv/lib/gcc/riscv32-unknown-elf/13.2.0/../../../../riscv32-unknown-elf/lib/libc.a(libc_a-gdtoa-gmisc.o)
 .data          0x0000202c        0x0 /opt/riscv/lib/gcc/riscv32-unknown-elf/13.2.0/../../../../riscv32-unknown-elf/lib/libc.a(libc_a-sbrkr.o)
 .data          0x0000202c        0x0 /opt/riscv/lib/gcc/riscv32-unknown-elf/13.2.0/../../../../riscv32-unknown-elf/lib/libc.a(libc_a-fvwrite.o)
 .data          0x0000202c        0x0 /opt/riscv/lib/gcc/riscv32-unknown-elf/13.2.0/../../../../riscv32-unknown-elf/lib/libc.a(libc_a-wbuf.o)
 .data          0x0000202c        0x0 /opt/riscv/lib/gcc/riscv32-unknown-elf/13.2.0/../../../../riscv32-unknown-elf/lib/libc.a(libc_a-wcrtomb.o)
 .data          0x0000202c        0x0 /opt/riscv/lib/gcc/riscv32-unknown-elf/13.2.0/../../../../riscv32-unknown-elf/lib/libc.a(libc_a-locale.o)
 .data          0x0000202c        0x0 /opt/riscv/lib/gcc/riscv32-unknown-elf/13.2.0/../../../../riscv32-unknown-elf/lib/libc.a(libc_a-memmove-stub.o)
 .data          0x0000202c        0x0 /opt/riscv/lib/gcc/riscv32-unknown-elf/13.2.0/../../../../riscv32-unknown-elf/lib/libc.a(libc_a-memcpy.o)
 .data          0x0000202c        0x0 /opt/riscv/lib/gcc/riscv32-unknown-elf/13.2.0/../../../../riscv32-unknown-elf/lib/libc.a(libc_a-strcmp.o)
 .data          0x0000202c        0x0 /opt/riscv/lib/gcc/riscv32-unknown-elf/13.2.0/../../../../riscv32-unknown-elf/lib/libc.a(libc_a-mprec.o)
 .data          0x0000202c        0x0 /opt/riscv/lib/gcc/riscv32-unknown-elf/13.2.0/../../../../riscv32-unknown-elf/lib/libc.a(libc_a-callocr.o)
 .data          0x0000202c        0x0 /opt/riscv/lib/gcc/riscv32-unknown-elf/13.2.0/../../../../riscv32-unknown-elf/lib/libc.a(libc_a-ctype_.o)
 .data          0x0000202c        0x0 /opt/riscv/lib/gcc/riscv32-unknown-elf/13.2.0/../../../../riscv32-unknown-elf/lib/libc.a(libc_a-reallocr.o)
 .data          0x0000202c        0x0 /opt/riscv/lib/gcc/riscv32-unknown-elf/13.2.0/../../../../riscv32-unknown-elf/lib/libc.a(libc_a-wctomb_r.o)
 .data          0x0000202c        0x0 /opt/riscv/lib/gcc/riscv32-unknown-elf/13.2.0/../../../../riscv32-unknown-elf/lib/libc.a(libc_a-errno.o)
 .data          0x0000202c        0x0 /opt/riscv/lib/gcc/riscv32-unknown-elf/13.2.0/../../../../riscv32-unknown-elf/lib/libc.a(libc_a-mbtowc_r.o)
 .data          0x0000202c        0x0 /opt/riscv/lib/gcc/riscv32-unknown-elf/13.2.0/../../../../riscv32-unknown-elf/lib/libc.a(libc_a-assert.o)
 .data          0x0000202c        0x0 /opt/riscv/lib/gcc/riscv32-unknown-elf/13.2.0/../../../../riscv32-unknown-elf/lib/libc.a(libc_a-fiprintf.o)
 .data          0x0000202c        0x0 /opt/riscv/lib/gcc/riscv32-unknown-elf/13.2.0/../../../../riscv32-unknown-elf/lib/libc.a(libc_a-abort.o)
 .data          0x0000202c        0x0 /opt/riscv/lib/gcc/riscv32-unknown-elf/13.2.0/../../../../riscv32-unknown-elf/lib/libc.a(libc_a-signal.o)
 .data          0x0000202c        0x0 /opt/riscv/lib/gcc/riscv32-unknown-elf/13.2.0/../../../../riscv32-unknown-elf/lib/libc.a(libc_a-signalr.o)
 .data          0x0000202c        0x0 /opt/riscv/lib/gcc/riscv32-unknown-elf/13.2.0/../../../../riscv32-unknown-elf/lib/libgloss.a(riscv_libgloss_a-sys_close.o)
 .data          0x0000202c        0x0 /opt/riscv/lib/gcc/riscv32-unknown-elf/13.2.0/../../../../riscv32-unknown-elf/lib/libgloss.a(riscv_libgloss_a-sys_exit.o)
 .data          0x0000202c        0x0 /opt/riscv/lib/gcc/riscv32-unknown-elf/13.2.0/../../../../riscv32-unknown-elf/lib/libgloss.a(riscv_libgloss_a-sys_fstat.o)
 .data          0x0000202c        0x0 /opt/riscv/lib/gcc/riscv32-unknown-elf/13.2.0/../../../../riscv32-unknown-elf/lib/libgloss.a(riscv_libgloss_a-sys_getpid.o)
 .data          0x0000202c        0x0 /opt/riscv/lib/gcc/riscv32-unknown-elf/13.2.0/../../../../riscv32-unknown-elf/lib/libgloss.a(riscv_libgloss_a-sys_isatty.o)
 .data          0x0000202c        0x0 /opt/riscv/lib/gcc/riscv32-unknown-elf/13.2.0/../../../../riscv32-unknown-elf/lib/libgloss.a(riscv_libgloss_a-sys_kill.o)
 .data          0x0000202c        0x0 /opt/riscv/lib/gcc/riscv32-unknown-elf/13.2.0/../../../../riscv32-unknown-elf/lib/libgloss.a(riscv_libgloss_a-sys_lseek.o)
 .data          0x0000202c        0x0 /opt/riscv/lib/gcc/riscv32-unknown-elf/13.2.0/../../../../riscv32-unknown-elf/lib/libgloss.a(riscv_libgloss_a-sys_read.o)
 .data          0x0000202c        0x0 /opt/riscv/lib/gcc/riscv32-unknown-elf/13.2.0/../../../../riscv32-unknown-elf/lib/libgloss.a(riscv_libgloss_a-sys_sbrk.o)
 .data          0x0000202c        0x0 /opt/riscv/lib/gcc/riscv32-unknown-elf/13.2.0/../../../../riscv32-unknown-elf/lib/libgloss.a(riscv_libgloss_a-sys_write.o)
 .data          0x0000202c        0x0 /opt/riscv/lib/gcc/riscv32-unknown-elf/13.2.0/../../../../riscv32-unknown-elf/lib/libgloss.a(riscv_libgloss_a-sys_conv_stat.o)
 .data          0x0000202c        0x0 /opt/riscv/lib/gcc/riscv32-unknown-elf/13.2.0/libgcc.a(eqtf2.o)
 .data          0x0000202c        0x0 /opt/riscv/lib/gcc/riscv32-unknown-elf/13.2.0/libgcc.a(getf2.o)
 .data          0x0000202c        0x0 /opt/riscv/lib/gcc/riscv32-unknown-elf/13.2.0/libgcc.a(letf2.o)
 .data          0x0000202c        0x0 /opt/riscv/lib/gcc/riscv32-unknown-elf/13.2.0/libgcc.a(multf3.o)
 .data          0x0000202c        0x0 /opt/riscv/lib/gcc/riscv32-unknown-elf/13.2.0/libgcc.a(subtf3.o)
 .data          0x0000202c        0x0 /opt/riscv/lib/gcc/riscv32-unknown-elf/13.2.0/libgcc.a(unordtf2.o)
 .data          0x0000202c        0x0 /opt/riscv/lib/gcc/riscv32-unknown-elf/13.2.0/libgcc.a(fixtfsi.o)
 .data          0x0000202c        0x0 /opt/riscv/lib/gcc/riscv32-unknown-elf/13.2.0/libgcc.a(floatsitf.o)
 .data          0x0000202c        0x0 /opt/riscv/lib/gcc/riscv32-unknown-elf/13.2.0/libgcc.a(extenddftf2.o)
 .data          0x0000202c        0x0 /opt/riscv/lib/gcc/riscv32-unknown-elf/13.2.0/libgcc.a(_clzsi2.o)
 .data          0x0000202c        0x0 /opt/riscv/lib/gcc/riscv32-unknown-elf/13.2.0/libgcc.a(_clz.o)

.sdata._impure_ptr
                0x0000202c        0x4
 .sdata._impure_ptr
                0x0000202c        0x4 /opt/riscv/lib/gcc/riscv32-unknown-elf/13.2.0/../../../../riscv32-unknown-elf/lib/libc.a(libc_a-impure.o)
                0x0000202c                _impure_ptr

.data._impure_data
                0x00002030      0x120
 .data._impure_data
                0x00002030      0x120 /opt/riscv/lib/gcc/riscv32-unknown-elf/13.2.0/../../../../riscv32-unknown-elf/lib/libc.a(libc_a-impure.o)
                0x00002030                _impure_data

.data.__sglue   0x00002150        0xc
 .data.__sglue  0x00002150        0xc /opt/riscv/lib/gcc/riscv32-unknown-elf/13.2.0/../../../../riscv32-unknown-elf/lib/libc.a(libc_a-findfp.o)
                0x00002150                __sglue

.sdata.__malloc_sbrk_base
                0x0000215c        0x4
 .sdata.__malloc_sbrk_base
                0x0000215c        0x4 /opt/riscv/lib/gcc/riscv32-unknown-elf/13.2.0/../../../../riscv32-unknown-elf/lib/libc.a(libc_a-mallocr.o)
                0x0000215c                __malloc_sbrk_base

.sdata.__malloc_trim_threshold
                0x00002160        0x4
 .sdata.__malloc_trim_threshold
                0x00002160        0x4 /opt/riscv/lib/gcc/riscv32-unknown-elf/13.2.0/../../../../riscv32-unknown-elf/lib/libc.a(libc_a-mallocr.o)
                0x00002160                __malloc_trim_threshold

.data.__malloc_av_
                0x00002164      0x408
 .data.__malloc_av_
                0x00002164      0x408 /opt/riscv/lib/gcc/riscv32-unknown-elf/13.2.0/../../../../riscv32-unknown-elf/lib/libc.a(libc_a-mallocr.o)
                0x00002164                __malloc_av_

.data.__global_locale
                0x0000256c      0x16c
 .data.__global_locale
                0x0000256c      0x16c /opt/riscv/lib/gcc/riscv32-unknown-elf/13.2.0/../../../../riscv32-unknown-elf/lib/libc.a(libc_a-locale.o)
                0x0000256c                __global_locale

.rodata         0x000026d8     0x1114
                0x00001000                        . = 0x1000
 *fill*         0x000026d8     0x1000 
 *(.rodata)
 .rodata        0x000036d8       0x14 /opt/riscv/lib/gcc/riscv32-unknown-elf/13.2.0/../../../../riscv32-unknown-elf/lib/libc.a(libc_a-gdtoa-ldtoa.o)
 .rodata        0x000036ec      0x100 /opt/riscv/lib/gcc/riscv32-unknown-elf/13.2.0/libgcc.a(_clz.o)
                0x000036ec                __clz_tab
                0x000037ec                        . = ALIGN (0x4)
 FILL mask 0xff

.rodata.str1.4  0x000037ec       0x5e
 .rodata.str1.4
                0x000037ec       0x5e build/print.o
                                 0x23 (size before relaxing)
 .rodata.str1.4
                0x0000384a       0x37 build/firmware.o
 .rodata.str1.4
                0x0000384a        0x2 /opt/riscv/lib/gcc/riscv32-unknown-elf/13.2.0/../../../../riscv32-unknown-elf/lib/libc.a(libc_a-locale.o)

.rodata._vfprintf_r.str1.4
                0x0000384c       0x42
 .rodata._vfprintf_r.str1.4
                0x0000384c       0x42 /opt/riscv/lib/gcc/riscv32-unknown-elf/13.2.0/../../../../riscv32-unknown-elf/lib/libc.a(libc_a-vfprintf.o)

.rodata._vfprintf_r
                0x00003890      0x204
 .rodata._vfprintf_r
                0x00003890      0x204 /opt/riscv/lib/gcc/riscv32-unknown-elf/13.2.0/../../../../riscv32-unknown-elf/lib/libc.a(libc_a-vfprintf.o)

.rodata.zeroes.0
                0x00003a94       0x20
 .rodata.zeroes.0
                0x00003a94       0x10 /opt/riscv/lib/gcc/riscv32-unknown-elf/13.2.0/../../../../riscv32-unknown-elf/lib/libc.a(libc_a-vfprintf.o)
 .rodata.zeroes.0
                0x00003aa4       0x10 /opt/riscv/lib/gcc/riscv32-unknown-elf/13.2.0/../../../../riscv32-unknown-elf/lib/libc.a(libc_a-vfiprintf.o)

.rodata.blanks.1
                0x00003ab4       0x20
 .rodata.blanks.1
                0x00003ab4       0x10 /opt/riscv/lib/gcc/riscv32-unknown-elf/13.2.0/../../../../riscv32-unknown-elf/lib/libc.a(libc_a-vfprintf.o)
 .rodata.blanks.1
                0x00003ac4       0x10 /opt/riscv/lib/gcc/riscv32-unknown-elf/13.2.0/../../../../riscv32-unknown-elf/lib/libc.a(libc_a-vfiprintf.o)

.rodata._vfiprintf_r.str1.4
                0x00003ad4       0x2f
 .rodata._vfiprintf_r.str1.4
                0x00003ad4       0x2f /opt/riscv/lib/gcc/riscv32-unknown-elf/13.2.0/../../../../riscv32-unknown-elf/lib/libc.a(libc_a-vfiprintf.o)

.rodata._vfiprintf_r
                0x00003b04      0x16c
 .rodata._vfiprintf_r
                0x00003b04      0x16c /opt/riscv/lib/gcc/riscv32-unknown-elf/13.2.0/../../../../riscv32-unknown-elf/lib/libc.a(libc_a-vfiprintf.o)

.rodata.__gdtoa.str1.4
                0x00003c70       0x12
 .rodata.__gdtoa.str1.4
                0x00003c70       0x12 /opt/riscv/lib/gcc/riscv32-unknown-elf/13.2.0/../../../../riscv32-unknown-elf/lib/libc.a(libc_a-gdtoa-gdtoa.o)

.srodata.cst8   0x00003c88       0x68
 .srodata.cst8  0x00003c88       0x68 /opt/riscv/lib/gcc/riscv32-unknown-elf/13.2.0/../../../../riscv32-unknown-elf/lib/libc.a(libc_a-gdtoa-gdtoa.o)
 .srodata.cst8  0x00003cf0       0x10 /opt/riscv/lib/gcc/riscv32-unknown-elf/13.2.0/../../../../riscv32-unknown-elf/lib/libc.a(libc_a-mprec.o)

.rodata._setlocale_r.str1.4
                0x00003cf0        0xe
 .rodata._setlocale_r.str1.4
                0x00003cf0        0xe /opt/riscv/lib/gcc/riscv32-unknown-elf/13.2.0/../../../../riscv32-unknown-elf/lib/libc.a(libc_a-locale.o)
                                  0xd (size before relaxing)

.rodata.__multadd.str1.4
                0x00003d00       0x63
 .rodata.__multadd.str1.4
                0x00003d00       0x63 /opt/riscv/lib/gcc/riscv32-unknown-elf/13.2.0/../../../../riscv32-unknown-elf/lib/libc.a(libc_a-mprec.o)

.rodata.p05.0   0x00003d64        0xc
 .rodata.p05.0  0x00003d64        0xc /opt/riscv/lib/gcc/riscv32-unknown-elf/13.2.0/../../../../riscv32-unknown-elf/lib/libc.a(libc_a-mprec.o)

.rodata.__mprec_tinytens
                0x00003d70       0x28
 .rodata.__mprec_tinytens
                0x00003d70       0x28 /opt/riscv/lib/gcc/riscv32-unknown-elf/13.2.0/../../../../riscv32-unknown-elf/lib/libc.a(libc_a-mprec.o)
                0x00003d70                __mprec_tinytens

.rodata.__mprec_bigtens
                0x00003d98       0x28
 .rodata.__mprec_bigtens
                0x00003d98       0x28 /opt/riscv/lib/gcc/riscv32-unknown-elf/13.2.0/../../../../riscv32-unknown-elf/lib/libc.a(libc_a-mprec.o)
                0x00003d98                __mprec_bigtens

.rodata.__mprec_tens
                0x00003dc0       0xc8
 .rodata.__mprec_tens
                0x00003dc0       0xc8 /opt/riscv/lib/gcc/riscv32-unknown-elf/13.2.0/../../../../riscv32-unknown-elf/lib/libc.a(libc_a-mprec.o)
                0x00003dc0                __mprec_tens

.rodata._ctype_
                0x00003e88      0x101
 .rodata._ctype_
                0x00003e88      0x101 /opt/riscv/lib/gcc/riscv32-unknown-elf/13.2.0/../../../../riscv32-unknown-elf/lib/libc.a(libc_a-ctype_.o)
                0x00003e88                _ctype_

.rodata.__assert_func.str1.4
                0x00003f8c       0x3f
 .rodata.__assert_func.str1.4
                0x00003f8c       0x3f /opt/riscv/lib/gcc/riscv32-unknown-elf/13.2.0/../../../../riscv32-unknown-elf/lib/libc.a(libc_a-assert.o)
                                 0x43 (size before relaxing)

.bss            0x00003fcb        0x0
 .bss           0x00003fcb        0x0 build/print.o
 .bss           0x00003fcb        0x0 build/sensor.o
 .bss           0x00003fcb        0x0 build/tcnt.o
 .bss           0x00003fcb        0x0 build/firmware.o
 .bss           0x00003fcb        0x0 build/start.o
 .bss           0x00003fcb        0x0 /opt/riscv/lib/gcc/riscv32-unknown-elf/13.2.0/../../../../riscv32-unknown-elf/lib/libc.a(libc_a-printf.o)
 .bss           0x00003fcb        0x0 /opt/riscv/lib/gcc/riscv32-unknown-elf/13.2.0/../../../../riscv32-unknown-elf/lib/libc.a(libc_a-impure.o)
 .bss           0x00003fcb        0x0 /opt/riscv/lib/gcc/riscv32-unknown-elf/13.2.0/../../../../riscv32-unknown-elf/lib/libc.a(libc_a-findfp.o)
 .bss           0x00003fcb        0x0 /opt/riscv/lib/gcc/riscv32-unknown-elf/13.2.0/../../../../riscv32-unknown-elf/lib/libc.a(libc_a-stdio.o)
 .bss           0x00003fcb        0x0 /opt/riscv/lib/gcc/riscv32-unknown-elf/13.2.0/../../../../riscv32-unknown-elf/lib/libc.a(libc_a-fwalk.o)
 .bss           0x00003fcb        0x0 /opt/riscv/lib/gcc/riscv32-unknown-elf/13.2.0/../../../../riscv32-unknown-elf/lib/libc.a(libc_a-writer.o)
 .bss           0x00003fcb        0x0 /opt/riscv/lib/gcc/riscv32-unknown-elf/13.2.0/../../../../riscv32-unknown-elf/lib/libc.a(libc_a-vfprintf.o)
 .bss           0x00003fcb        0x0 /opt/riscv/lib/gcc/riscv32-unknown-elf/13.2.0/../../../../riscv32-unknown-elf/lib/libc.a(libc_a-vfiprintf.o)
 .bss           0x00003fcb        0x0 /opt/riscv/lib/gcc/riscv32-unknown-elf/13.2.0/../../../../riscv32-unknown-elf/lib/libc.a(libc_a-mallocr.o)
 .bss           0x00003fcb        0x0 /opt/riscv/lib/gcc/riscv32-unknown-elf/13.2.0/../../../../riscv32-unknown-elf/lib/libc.a(libc_a-memchr.o)
 .bss           0x00003fcb        0x0 /opt/riscv/lib/gcc/riscv32-unknown-elf/13.2.0/../../../../riscv32-unknown-elf/lib/libc.a(libc_a-localeconv.o)
 .bss           0x00003fcb        0x0 /opt/riscv/lib/gcc/riscv32-unknown-elf/13.2.0/../../../../riscv32-unknown-elf/lib/libc.a(libc_a-fclose.o)
 .bss           0x00003fcb        0x0 /opt/riscv/lib/gcc/riscv32-unknown-elf/13.2.0/../../../../riscv32-unknown-elf/lib/libc.a(libc_a-memset.o)
 .bss           0x00003fcb        0x0 /opt/riscv/lib/gcc/riscv32-unknown-elf/13.2.0/../../../../riscv32-unknown-elf/lib/libc.a(libc_a-wsetup.o)
 .bss           0x00003fcb        0x0 /opt/riscv/lib/gcc/riscv32-unknown-elf/13.2.0/../../../../riscv32-unknown-elf/lib/libc.a(libc_a-makebuf.o)
 .bss           0x00003fcb        0x0 /opt/riscv/lib/gcc/riscv32-unknown-elf/13.2.0/../../../../riscv32-unknown-elf/lib/libc.a(libc_a-strlen.o)
 .bss           0x00003fcb        0x0 /opt/riscv/lib/gcc/riscv32-unknown-elf/13.2.0/../../../../riscv32-unknown-elf/lib/libc.a(libc_a-mlock.o)
 .bss           0x00003fcb        0x0 /opt/riscv/lib/gcc/riscv32-unknown-elf/13.2.0/../../../../riscv32-unknown-elf/lib/libc.a(libc_a-closer.o)
 .bss           0x00003fcb        0x0 /opt/riscv/lib/gcc/riscv32-unknown-elf/13.2.0/../../../../riscv32-unknown-elf/lib/libc.a(libc_a-reent.o)
 .bss           0x00003fcb        0x0 /opt/riscv/lib/gcc/riscv32-unknown-elf/13.2.0/../../../../riscv32-unknown-elf/lib/libc.a(libc_a-fflush.o)
 .bss           0x00003fcb        0x0 /opt/riscv/lib/gcc/riscv32-unknown-elf/13.2.0/../../../../riscv32-unknown-elf/lib/libc.a(libm_a-frexpl.o)
 .bss           0x00003fcb        0x0 /opt/riscv/lib/gcc/riscv32-unknown-elf/13.2.0/../../../../riscv32-unknown-elf/lib/libc.a(libc_a-freer.o)
 .bss           0x00003fcb        0x0 /opt/riscv/lib/gcc/riscv32-unknown-elf/13.2.0/../../../../riscv32-unknown-elf/lib/libc.a(libc_a-strncpy.o)
 .bss           0x00003fcb        0x0 /opt/riscv/lib/gcc/riscv32-unknown-elf/13.2.0/../../../../riscv32-unknown-elf/lib/libc.a(libc_a-fstatr.o)
 .bss           0x00003fcb        0x0 /opt/riscv/lib/gcc/riscv32-unknown-elf/13.2.0/../../../../riscv32-unknown-elf/lib/libc.a(libc_a-isattyr.o)
 .bss           0x00003fcb        0x0 /opt/riscv/lib/gcc/riscv32-unknown-elf/13.2.0/../../../../riscv32-unknown-elf/lib/libc.a(libc_a-lseekr.o)
 .bss           0x00003fcb        0x0 /opt/riscv/lib/gcc/riscv32-unknown-elf/13.2.0/../../../../riscv32-unknown-elf/lib/libc.a(libc_a-readr.o)
 .bss           0x00003fcb        0x0 /opt/riscv/lib/gcc/riscv32-unknown-elf/13.2.0/../../../../riscv32-unknown-elf/lib/libc.a(libc_a-fputwc.o)
 .bss           0x00003fcb        0x0 /opt/riscv/lib/gcc/riscv32-unknown-elf/13.2.0/../../../../riscv32-unknown-elf/lib/libc.a(libc_a-gdtoa-ldtoa.o)
 .bss           0x00003fcb        0x0 /opt/riscv/lib/gcc/riscv32-unknown-elf/13.2.0/../../../../riscv32-unknown-elf/lib/libc.a(libc_a-gdtoa-gdtoa.o)
 .bss           0x00003fcb        0x0 /opt/riscv/lib/gcc/riscv32-unknown-elf/13.2.0/../../../../riscv32-unknown-elf/lib/libc.a(libc_a-gdtoa-dmisc.o)
 .bss           0x00003fcb        0x0 /opt/riscv/lib/gcc/riscv32-unknown-elf/13.2.0/../../../../riscv32-unknown-elf/lib/libc.a(libc_a-gdtoa-gmisc.o)
 .bss           0x00003fcb        0x0 /opt/riscv/lib/gcc/riscv32-unknown-elf/13.2.0/../../../../riscv32-unknown-elf/lib/libc.a(libc_a-sbrkr.o)
 .bss           0x00003fcb        0x0 /opt/riscv/lib/gcc/riscv32-unknown-elf/13.2.0/../../../../riscv32-unknown-elf/lib/libc.a(libc_a-fvwrite.o)
 .bss           0x00003fcb        0x0 /opt/riscv/lib/gcc/riscv32-unknown-elf/13.2.0/../../../../riscv32-unknown-elf/lib/libc.a(libc_a-wbuf.o)
 .bss           0x00003fcb        0x0 /opt/riscv/lib/gcc/riscv32-unknown-elf/13.2.0/../../../../riscv32-unknown-elf/lib/libc.a(libc_a-wcrtomb.o)
 .bss           0x00003fcb        0x0 /opt/riscv/lib/gcc/riscv32-unknown-elf/13.2.0/../../../../riscv32-unknown-elf/lib/libc.a(libc_a-locale.o)
 .bss           0x00003fcb        0x0 /opt/riscv/lib/gcc/riscv32-unknown-elf/13.2.0/../../../../riscv32-unknown-elf/lib/libc.a(libc_a-memmove-stub.o)
 .bss           0x00003fcb        0x0 /opt/riscv/lib/gcc/riscv32-unknown-elf/13.2.0/../../../../riscv32-unknown-elf/lib/libc.a(libc_a-memcpy.o)
 .bss           0x00003fcb        0x0 /opt/riscv/lib/gcc/riscv32-unknown-elf/13.2.0/../../../../riscv32-unknown-elf/lib/libc.a(libc_a-strcmp.o)
 .bss           0x00003fcb        0x0 /opt/riscv/lib/gcc/riscv32-unknown-elf/13.2.0/../../../../riscv32-unknown-elf/lib/libc.a(libc_a-mprec.o)
 .bss           0x00003fcb        0x0 /opt/riscv/lib/gcc/riscv32-unknown-elf/13.2.0/../../../../riscv32-unknown-elf/lib/libc.a(libc_a-callocr.o)
 .bss           0x00003fcb        0x0 /opt/riscv/lib/gcc/riscv32-unknown-elf/13.2.0/../../../../riscv32-unknown-elf/lib/libc.a(libc_a-ctype_.o)
 .bss           0x00003fcb        0x0 /opt/riscv/lib/gcc/riscv32-unknown-elf/13.2.0/../../../../riscv32-unknown-elf/lib/libc.a(libc_a-reallocr.o)
 .bss           0x00003fcb        0x0 /opt/riscv/lib/gcc/riscv32-unknown-elf/13.2.0/../../../../riscv32-unknown-elf/lib/libc.a(libc_a-wctomb_r.o)
 .bss           0x00003fcb        0x0 /opt/riscv/lib/gcc/riscv32-unknown-elf/13.2.0/../../../../riscv32-unknown-elf/lib/libc.a(libc_a-errno.o)
 .bss           0x00003fcb        0x0 /opt/riscv/lib/gcc/riscv32-unknown-elf/13.2.0/../../../../riscv32-unknown-elf/lib/libc.a(libc_a-mbtowc_r.o)
 .bss           0x00003fcb        0x0 /opt/riscv/lib/gcc/riscv32-unknown-elf/13.2.0/../../../../riscv32-unknown-elf/lib/libc.a(libc_a-assert.o)
 .bss           0x00003fcb        0x0 /opt/riscv/lib/gcc/riscv32-unknown-elf/13.2.0/../../../../riscv32-unknown-elf/lib/libc.a(libc_a-fiprintf.o)
 .bss           0x00003fcb        0x0 /opt/riscv/lib/gcc/riscv32-unknown-elf/13.2.0/../../../../riscv32-unknown-elf/lib/libc.a(libc_a-abort.o)
 .bss           0x00003fcb        0x0 /opt/riscv/lib/gcc/riscv32-unknown-elf/13.2.0/../../../../riscv32-unknown-elf/lib/libc.a(libc_a-signal.o)
 .bss           0x00003fcb        0x0 /opt/riscv/lib/gcc/riscv32-unknown-elf/13.2.0/../../../../riscv32-unknown-elf/lib/libc.a(libc_a-signalr.o)
 .bss           0x00003fcb        0x0 /opt/riscv/lib/gcc/riscv32-unknown-elf/13.2.0/../../../../riscv32-unknown-elf/lib/libgloss.a(riscv_libgloss_a-sys_close.o)
 .bss           0x00003fcb        0x0 /opt/riscv/lib/gcc/riscv32-unknown-elf/13.2.0/../../../../riscv32-unknown-elf/lib/libgloss.a(riscv_libgloss_a-sys_exit.o)
 .bss           0x00003fcb        0x0 /opt/riscv/lib/gcc/riscv32-unknown-elf/13.2.0/../../../../riscv32-unknown-elf/lib/libgloss.a(riscv_libgloss_a-sys_fstat.o)
 .bss           0x00003fcb        0x0 /opt/riscv/lib/gcc/riscv32-unknown-elf/13.2.0/../../../../riscv32-unknown-elf/lib/libgloss.a(riscv_libgloss_a-sys_getpid.o)
 .bss           0x00003fcb        0x0 /opt/riscv/lib/gcc/riscv32-unknown-elf/13.2.0/../../../../riscv32-unknown-elf/lib/libgloss.a(riscv_libgloss_a-sys_isatty.o)
 .bss           0x00003fcb        0x0 /opt/riscv/lib/gcc/riscv32-unknown-elf/13.2.0/../../../../riscv32-unknown-elf/lib/libgloss.a(riscv_libgloss_a-sys_kill.o)
 .bss           0x00003fcb        0x0 /opt/riscv/lib/gcc/riscv32-unknown-elf/13.2.0/../../../../riscv32-unknown-elf/lib/libgloss.a(riscv_libgloss_a-sys_lseek.o)
 .bss           0x00003fcb        0x0 /opt/riscv/lib/gcc/riscv32-unknown-elf/13.2.0/../../../../riscv32-unknown-elf/lib/libgloss.a(riscv_libgloss_a-sys_read.o)
 .bss           0x00003fcb        0x0 /opt/riscv/lib/gcc/riscv32-unknown-elf/13.2.0/../../../../riscv32-unknown-elf/lib/libgloss.a(riscv_libgloss_a-sys_sbrk.o)
 .bss           0x00003fcb        0x0 /opt/riscv/lib/gcc/riscv32-unknown-elf/13.2.0/../../../../riscv32-unknown-elf/lib/libgloss.a(riscv_libgloss_a-sys_write.o)
 .bss           0x00003fcb        0x0 /opt/riscv/lib/gcc/riscv32-unknown-elf/13.2.0/../../../../riscv32-unknown-elf/lib/libgloss.a(riscv_libgloss_a-sys_conv_stat.o)
 .bss           0x00003fcb        0x0 /opt/riscv/lib/gcc/riscv32-unknown-elf/13.2.0/libgcc.a(eqtf2.o)
 .bss           0x00003fcb        0x0 /opt/riscv/lib/gcc/riscv32-unknown-elf/13.2.0/libgcc.a(getf2.o)
 .bss           0x00003fcb        0x0 /opt/riscv/lib/gcc/riscv32-unknown-elf/13.2.0/libgcc.a(letf2.o)
 .bss           0x00003fcb        0x0 /opt/riscv/lib/gcc/riscv32-unknown-elf/13.2.0/libgcc.a(multf3.o)
 .bss           0x00003fcb        0x0 /opt/riscv/lib/gcc/riscv32-unknown-elf/13.2.0/libgcc.a(subtf3.o)
 .bss           0x00003fcb        0x0 /opt/riscv/lib/gcc/riscv32-unknown-elf/13.2.0/libgcc.a(unordtf2.o)
 .bss           0x00003fcb        0x0 /opt/riscv/lib/gcc/riscv32-unknown-elf/13.2.0/libgcc.a(fixtfsi.o)
 .bss           0x00003fcb        0x0 /opt/riscv/lib/gcc/riscv32-unknown-elf/13.2.0/libgcc.a(floatsitf.o)
 .bss           0x00003fcb        0x0 /opt/riscv/lib/gcc/riscv32-unknown-elf/13.2.0/libgcc.a(extenddftf2.o)
 .bss           0x00003fcb        0x0 /opt/riscv/lib/gcc/riscv32-unknown-elf/13.2.0/libgcc.a(_clzsi2.o)
 .bss           0x00003fcb        0x0 /opt/riscv/lib/gcc/riscv32-unknown-elf/13.2.0/libgcc.a(_clz.o)

.bss.__sf       0x00003fcc      0x138
 .bss.__sf      0x00003fcc      0x138 /opt/riscv/lib/gcc/riscv32-unknown-elf/13.2.0/../../../../riscv32-unknown-elf/lib/libc.a(libc_a-findfp.o)
                0x00003fcc                __sf

.sbss.__stdio_exit_handler
                0x00004104        0x4
 .sbss.__stdio_exit_handler
                0x00004104        0x4 /opt/riscv/lib/gcc/riscv32-unknown-elf/13.2.0/../../../../riscv32-unknown-elf/lib/libc.a(libc_a-findfp.o)
                0x00004104                __stdio_exit_handler

.bss.__malloc_current_mallinfo
                0x00004108       0x28
 .bss.__malloc_current_mallinfo
                0x00004108       0x28 /opt/riscv/lib/gcc/riscv32-unknown-elf/13.2.0/../../../../riscv32-unknown-elf/lib/libc.a(libc_a-mallocr.o)
                0x00004108                __malloc_current_mallinfo

.sbss.__malloc_max_total_mem
                0x00004130        0x4
 .sbss.__malloc_max_total_mem
                0x00004130        0x4 /opt/riscv/lib/gcc/riscv32-unknown-elf/13.2.0/../../../../riscv32-unknown-elf/lib/libc.a(libc_a-mallocr.o)
                0x00004130                __malloc_max_total_mem

.sbss.__malloc_max_sbrked_mem
                0x00004134        0x4
 .sbss.__malloc_max_sbrked_mem
                0x00004134        0x4 /opt/riscv/lib/gcc/riscv32-unknown-elf/13.2.0/../../../../riscv32-unknown-elf/lib/libc.a(libc_a-mallocr.o)
                0x00004134                __malloc_max_sbrked_mem

.sbss.__malloc_top_pad
                0x00004138        0x4
 .sbss.__malloc_top_pad
                0x00004138        0x4 /opt/riscv/lib/gcc/riscv32-unknown-elf/13.2.0/../../../../riscv32-unknown-elf/lib/libc.a(libc_a-mallocr.o)
                0x00004138                __malloc_top_pad

.sbss.errno     0x0000413c        0x4
 .sbss.errno    0x0000413c        0x4 /opt/riscv/lib/gcc/riscv32-unknown-elf/13.2.0/../../../../riscv32-unknown-elf/lib/libc.a(libc_a-reent.o)
                0x0000413c                errno

.sbss._PathLocale
                0x00004140        0x4
 .sbss._PathLocale
                0x00004140        0x4 /opt/riscv/lib/gcc/riscv32-unknown-elf/13.2.0/../../../../riscv32-unknown-elf/lib/libc.a(libc_a-locale.o)
                0x00004140                _PathLocale

.sbss.heap_end.0
                0x00004144        0x4
 .sbss.heap_end.0
                0x00004144        0x4 /opt/riscv/lib/gcc/riscv32-unknown-elf/13.2.0/../../../../riscv32-unknown-elf/lib/libgloss.a(riscv_libgloss_a-sys_sbrk.o)

/DISCARD/
 *(.note*)
 *(.iplt*)
 *(.igot*)
 *(.rel*)
 *(.comment)
 *(.riscv.attributes)
LOAD build/print.o
LOAD build/sensor.o
LOAD build/tcnt.o
LOAD build/firmware.o
LOAD build/start.o
LOAD /opt/riscv/lib/gcc/riscv32-unknown-elf/13.2.0/libgcc.a
START GROUP
LOAD /opt/riscv/lib/gcc/riscv32-unknown-elf/13.2.0/../../../../riscv32-unknown-elf/lib/libc.a
LOAD /opt/riscv/lib/gcc/riscv32-unknown-elf/13.2.0/../../../../riscv32-unknown-elf/lib/libgloss.a
END GROUP
LOAD /opt/riscv/lib/gcc/riscv32-unknown-elf/13.2.0/libgcc.a
OUTPUT(firmware.elf elf32-littleriscv)
