
Discarded input sections

 .comment       0x00000000       0x1c build/print.o
 .riscv.attributes
                0x00000000       0x25 build/print.o
 .comment       0x00000000       0x1c build/tcnt.o
 .riscv.attributes
                0x00000000       0x25 build/tcnt.o
 .comment       0x00000000       0x1c build/firmware.o
 .riscv.attributes
                0x00000000       0x25 build/firmware.o
 .riscv.attributes
                0x00000000       0x27 build/start.o

Memory Configuration

Name             Origin             Length             Attributes
ROM              0x00000000         0x00002000         xr
RAM              0x00002000         0x00002000         xrw
*default*        0x00000000         0xffffffff

Linker script and memory map


.text           0x00000000      0x930
                0x00000000                        . = 0x0
 *(.init)
 .init          0x00000000      0x240 build/start.o
                0x00000000                start
                0x000001d8                sw_mult
                0x00000228                load_test
 *(.text*)
 .text          0x00000240      0x11c build/print.o
                0x00000240                print_chr
                0x0000024c                print_word
                0x00000258                print_str
                0x00000274                print_hex
                0x000002bc                getDigit
                0x000002dc                print_dec
 .text          0x0000035c       0xcc build/tcnt.o
                0x0000035c                TCNT_start
                0x00000370                TCNT_stop
                0x00000384                TCNT_start_div8
                0x000003ac                TCNT_start_div16
                0x000003d4                TCNT_set_mode
                0x00000414                TCNT_clear_ir
 .text          0x00000428      0x180 build/firmware.o
                0x0000045c                irq_handler
                0x00000460                initialise
                0x00000574                store_byte
 .text.startup  0x000005a8      0x388 build/firmware.o
                0x000005a8                main
 .text          0x00000930        0x0 build/start.o

.data           0x00002000       0x2c
                0x00000000                        . = 0x0
 *(.data)
 .data          0x00002000       0x2c build/print.o
                0x00002000                base_lookup
 .data          0x0000202c        0x0 build/tcnt.o
 .data          0x0000202c        0x0 build/firmware.o
 .data          0x0000202c        0x0 build/start.o

.bss            0x0000202c        0x0
 .bss           0x0000202c        0x0 build/print.o
 .bss           0x0000202c        0x0 build/tcnt.o
 .bss           0x0000202c        0x0 build/firmware.o
 .bss           0x0000202c        0x0 build/start.o

.rodata         0x0000202c     0x1000
                0x00001000                        . = 0x1000
 *fill*         0x0000202c     0x1000 
 *(.rodata)
                0x0000302c                        . = ALIGN (0x4)
 FILL mask 0xff

.rodata.str1.4  0x0000302c       0x39
 .rodata.str1.4
                0x0000302c       0x39 build/print.o
                                 0x23 (size before relaxing)
 .rodata.str1.4
                0x00003065       0x15 build/firmware.o

/DISCARD/
 *(.note*)
 *(.iplt*)
 *(.igot*)
 *(.rel*)
 *(.comment)
 *(.riscv.attributes)
LOAD build/print.o
LOAD build/tcnt.o
LOAD build/firmware.o
LOAD build/start.o
LOAD /opt/riscv/lib/gcc/riscv32-unknown-elf/13.2.0/libgcc.a
START GROUP
LOAD /opt/riscv/lib/gcc/riscv32-unknown-elf/13.2.0/../../../../riscv32-unknown-elf/lib/libc.a
LOAD /opt/riscv/lib/gcc/riscv32-unknown-elf/13.2.0/../../../../riscv32-unknown-elf/lib/libgloss.a
END GROUP
LOAD /opt/riscv/lib/gcc/riscv32-unknown-elf/13.2.0/libgcc.a
OUTPUT(firmware.elf elf32-littleriscv)
