
Discarded input sections

 .comment       0x00000000       0x1c build/print.o
 .riscv.attributes
                0x00000000       0x25 build/print.o
 .comment       0x00000000       0x1c build/tcnt.o
 .riscv.attributes
                0x00000000       0x25 build/tcnt.o
 .comment       0x00000000       0x1c build/sensor.o
 .riscv.attributes
                0x00000000       0x25 build/sensor.o
 .comment       0x00000000       0x1c build/qoi.o
 .riscv.attributes
                0x00000000       0x25 build/qoi.o
 .comment       0x00000000       0x1c build/firmware.o
 .riscv.attributes
                0x00000000       0x25 build/firmware.o
 .riscv.attributes
                0x00000000       0x27 build/start.o

Memory Configuration

Name             Origin             Length             Attributes
ROM              0x00000000         0x00002000         xr
RAM              0x00002000         0x00002000         xrw
*default*        0x00000000         0xffffffff

Linker script and memory map


.text           0x00000000      0x5b0
                0x00000000                        . = 0x0
 *(.init)
 .init          0x00000000      0x240 build/start.o
                0x00000000                start
                0x000001d8                sw_mult
                0x00000228                load_test
 *(.text*)
 .text          0x00000240       0xfc build/print.o
                0x00000240                print_word
                0x0000024c                print_str
                0x00000268                print_hex
                0x000002a4                getDigit
                0x000002c4                print_dec
 .text          0x0000033c       0xcc build/tcnt.o
                0x0000033c                TCNT_start
                0x00000350                TCNT_stop
                0x00000364                TCNT_start_div8
                0x0000038c                TCNT_start_div16
                0x000003b4                TCNT_set_mode
                0x000003f4                TCNT_clear_ir
 .text          0x00000408       0x38 build/sensor.o
                0x00000408                SENSOR_fetch
                0x00000430                SENSOR_advance
 .text          0x00000440       0x34 build/qoi.o
                0x00000440                QOI_put_pixel
                0x00000450                QOI_flush
                0x00000468                QOI_start
 .text          0x00000474        0x4 build/firmware.o
                0x00000474                irq_handler
 .text.startup  0x00000478      0x138 build/firmware.o
                0x00000478                main
 .text          0x000005b0        0x0 build/start.o

.data           0x00002000       0x2c
                0x00000000                        . = 0x0
 *(.data)
 .data          0x00002000       0x2c build/print.o
                0x00002000                base_lookup
 .data          0x0000202c        0x0 build/tcnt.o
 .data          0x0000202c        0x0 build/sensor.o
 .data          0x0000202c        0x0 build/qoi.o
 .data          0x0000202c        0x0 build/firmware.o
 .data          0x0000202c        0x0 build/start.o

.bss            0x0000202c      0x100
 .bss           0x0000202c        0x0 build/print.o
 .bss           0x0000202c        0x0 build/tcnt.o
 .bss           0x0000202c        0x0 build/sensor.o
 .bss           0x0000202c        0x0 build/qoi.o
 .bss           0x0000202c      0x100 build/firmware.o
                0x0000202c                running_array
 .bss           0x0000212c        0x0 build/start.o

.rodata         0x0000212c     0x1000
                0x00001000                        . = 0x1000
 *fill*         0x0000212c     0x1000 
 *(.rodata)
                0x0000312c                        . = ALIGN (0x4)
 FILL mask 0xff

.rodata.str1.4  0x0000312c       0x6a
 .rodata.str1.4
                0x0000312c       0x6a build/print.o
                                 0x1f (size before relaxing)
 .rodata.str1.4
                0x00003196       0x4a build/firmware.o

/DISCARD/
 *(.note*)
 *(.iplt*)
 *(.igot*)
 *(.rel*)
 *(.comment)
 *(.riscv.attributes)
LOAD build/print.o
LOAD build/tcnt.o
LOAD build/sensor.o
LOAD build/qoi.o
LOAD build/firmware.o
LOAD build/start.o
LOAD /opt/riscv/lib/gcc/riscv32-unknown-elf/13.2.0/libgcc.a
START GROUP
LOAD /opt/riscv/lib/gcc/riscv32-unknown-elf/13.2.0/../../../../riscv32-unknown-elf/lib/libc.a
LOAD /opt/riscv/lib/gcc/riscv32-unknown-elf/13.2.0/../../../../riscv32-unknown-elf/lib/libgloss.a
END GROUP
LOAD /opt/riscv/lib/gcc/riscv32-unknown-elf/13.2.0/libgcc.a
OUTPUT(firmware.elf elf32-littleriscv)
